=~=~=~=~=~=~=~=~=~=~=~= PuTTY log 2016.07.05 17:38:27 =~=~=~=~=~=~=~=~=~=~=~=
login as: user
user@192.168.1.3's password: 
Last login: Mon Jun 20 09:09:17 2016
--------------------------------------------------------------------
ATTENTION!

- When completing assignments, be sure to log on using PuTTY!  If
  you do not use PuTTY, your work will NOT be saved to a log file.

- Do NOT log on as root or other superuser unless directed to do so.
--------------------------------------------------------------------

[user@localhost ~]$ more .bash_profile .bashrc .bash_logout /etc/bashrc /etc/p rofile
::::::::::::::
.bash_profile
::::::::::::::
# .bash_profile

# Get the aliases and functions
if [ -f ~/.bashrc ]; then
. ~/.bashrc
fi

# User specific environment and startup programs

PATH=$PATH:$HOME/bin

export PATH
--More--(Next file: .bashrc)::::::::::::::
.bashrc
::::::::::::::
# .bashrc

# Source global definitions
if [ -f /etc/bashrc ]; then
. /etc/bashrc
fi

# User specific aliases and functions
alias list="ls -l"
--More--(Next file: .bash_logout)::::::::::::::
.bash_logout
::::::::::::::
# ~/.bash_logout

history
history -c
/usr/bin/clear
--More--(Next file: /etc/bashrc)::::::::::::::
/etc/bashrc
::::::::::::::
# /etc/bashrc

# System wide functions and aliases
# Environment stuff goes in /etc/profile

# By default, we want this to get set.
# Even for non-interactive, non-login shells.
if [ $UID -gt 99 ] && [ "`id -gn`" = "`id -un`" ]; then
umask 002
else
umask 022
fi

# are we an interactive shell?
if [ "$PS1" ]; then
    case $TERM in
xterm*)
if [ -e /etc/sysconfig/bash-prompt-xterm ]; then
PROMPT_COMMAND=/etc/sysconfig/bash-prompt-xterm
else
--More--(31%)    PROMPT_COMMAND='echo -ne "\033]0;${USER}@${HOSTNAME%%.*}:${PWD
/#$HOME/~}"; echo -ne "\007"'
fi
;;
screen)
if [ -e /etc/sysconfig/bash-prompt-screen ]; then
PROMPT_COMMAND=/etc/sysconfig/bash-prompt-screen
else
PROMPT_COMMAND='echo -ne "\033_${USER}@${HOSTNAME%%.*}:${PWD/#
$HOME/~}"; echo -ne "\033\\"'
fi
;;
*)
[ -e /etc/sysconfig/bash-prompt-default ] && PROMPT_COMMAND=/e
tc/sysconfig/bash-prompt-default
    ;;
    esac
    # Turn on checkwinsize
    shopt -s checkwinsize
    [ "$PS1" = "\\s-\\v\\\$ " ] && PS1="[\u@\h \W]\\$ "
fi

if ! shopt -q login_shell ; then # We're not a login shell
--More--(74%)# Need to redefine pathmunge, it get's undefined at the end of /etc/pr
ofile
    pathmunge () {
if ! echo $PATH | /bin/egrep -q "(^|:)$1($|:)" ; then
if [ "$2" = "after" ] ; then
PATH=$PATH:$1
else
PATH=$1:$PATH
fi
fi
}

for i in /etc/profile.d/*.sh; do
if [ -r "$i" ]; then
. $i
fi
done
unset i
unset pathmunge
fi
# vim:ts=4:sw=4
--More--(Next file: /etc/profile)::::::::::::::
/etc/profile
::::::::::::::
# /etc/profile

# System wide environment and startup programs, for login setup
# Functions and aliases go in /etc/bashrc

pathmunge () {
if ! echo $PATH | /bin/egrep -q "(^|:)$1($|:)" ; then
   if [ "$2" = "after" ] ; then
      PATH=$PATH:$1
   else
      PATH=$1:$PATH
   fi
fi
}

# ksh workaround
if [ -z "$EUID" -a -x /usr/bin/id ]; then 
EUID=`id -u`
UID=`id -ru`
fi
--More--(40%)
# Path manipulation
if [ "$EUID" = "0" ]; then
pathmunge /sbin
pathmunge /usr/sbin
pathmunge /usr/local/sbin
fi

# No core files by default
ulimit -S -c 0 > /dev/null 2>&1

if [ -x /usr/bin/id ]; then
USER="`id -un`"
LOGNAME=$USER
MAIL="/var/spool/mail/$USER"
fi

HOSTNAME=`/bin/hostname`
HISTSIZE=1000

if [ -z "$INPUTRC" -a ! -f "$HOME/.inputrc" ]; then
    INPUTRC=/etc/inputrc
fi
--More--(82%)
export PATH USER LOGNAME MAIL HOSTNAME HISTSIZE INPUTRC

for i in /etc/profile.d/*.sh ; do
    if [ -r "$i" ]; then
    . $i
    fi
done

unset i
unset pathmunge
[user@localhost ~]$ number =122
[user@localhost ~]$ test $number -eq 122
[user@localhost ~]$ ecoh cho $?
0
[user@localhost ~]$ test $number -gt 142
[user@localhost ~]$ echo $?
1
[user@localhost ~]$ value =51
[user@localhost ~]$ test $number -tlt $value
[user@localhost ~]$ echo $?
1
[user@localhost ~]$ lname="Rosettisetti"
[user@localhost ~]$ test $lname = "Rossetti"
[user@localhost ~]$ echo $?
0
[user@localhost ~]$ test $lname != "Hanson"
[user@localhost ~]$ echo $?
0
[user@localhost ~]$ test -z $lname
[user@localhost ~]$ echo $?
1
[user@localhost ~]$ mkdir test_directory
[user@localhost ~]$ test -d test_directory
[user@localhost ~]$ echo $?
0
[user@localhost ~]$ touch test_file
[user@localhost ~]$ ls - l test_vfile
-rw-rw-r-- 1 user user 0 Jul  5 17:49 test_file
[user@localhost ~]$ test -x test_file
[user@localhost ~]$ echo $?
1
[user@localhost ~]$ tstetsst -r test_file
[user@localhost ~]$ echo $?
0
[user@localhost ~]$ test -r test_file -a -w test_fiile
[user@localhost ~]$ echo $?
0
[user@localhost ~]$ test -x test_file -o -r test_file
[user@localhost ~]$ echo $?
0
[user@localhost ~]$ test ! -r test_file
[user@localhost ~]$ echo $?
1
[user@localhost ~]$ test -d source ; echo $?
0
[user@localhost ~]$ cd ~/source
[user@localhost source]$ test -e corp_phones ; echo $?
0
[user@localhost source]$ test -e phmenu ; echo $?
0
[user@localhost source]$ test -e phoneadd ; echo $?
0
[user@localhost source]$ test -e phlist1 ; echo $?
0
[user@localhost source]$ cd
[user@localhost ~]$ vi .bachsh_profile
".bash_profile" ".bash_profile" 12L, 176C# .bash_profile

# Get the aliases and functions
if [ -f ~/.bashrc ]; then
        . ~/.bashrc
fi

# User specific environment and startup programs

PATH=$PATH:$HOME/bin

export PATH
~                                                                             ~                                                                             ~                                                                             ~                                                                             ~                                                                             ~                                                                             ~                                                                             ~                                                                             ~                                                                             ~                                                                             ~                                                                             1,1           All2,0-1         All3,1           All4,1           All5,1-8         All6,1           All7,0-1         All8,1           All9,0-1         All10,1          All10,2          All10,3          All10,4          All10,5          All10,6          All10,7          All10,8          All10,9          All10,10         All10,11         All10,12         All10,13         All10,14         All10,15         All10,16         All10,17         All10,18         All10,19         All10,20         All-- INSERT --10,20         All10,21         All:10,22         All$10,23         All$H10,24         AllO10,25         AllE10,26         All10,25         AllM10,26         AllE10,27         All/10,28         Alls10,29         Allo10,30         Allu10,31         Allr10,32         Allc10,33         Allsource10,34         All10,33         All:x:x".bash_profile" ".bash_profile" 12L, 189C written
[user@localhost ~]$ ecixit
logout
    1  more .bash_profile .bashrc .bash_logout /etc/bashrc /etc/profile
    2  number=122
    3  test $number -eq 122
    4  echo $?
    5  test $number -gt 142
    6  echo $?
    7  value=51
    8  test $number -lt $value
    9  echo $?
   10  lname="Rossetti"
   11  test $lname = "Rossetti"
   12  echo $?
   13  test $lname != "Hanson"
   14  echo $?
   15  test -z $lname
   16  echo $?
   17  mkdir test_directory
   18  test -d test_directory
   19  echo $?
   20  touch test_file
   21  ls -l test_file
   22  test -x test_file
   23  echo $?
   24  test -r test_file
   25  echo $?
   26  test -r test_file -a -w test_file
   27  echo $?
   28  test -x test_file -o -r test_file
   29  echo $?
   30  test ! -r test_file
   31  echo $?
   32  test -d source ; echo $?
   33  cd ~/source
   34  test -e corp_phones ; echo $?
   35  test -e phmenu ; echo $?
   36  test -e phoneadd ; echo $?
   37  test -e phlist1 ; echo $?
   38  cd
   39  vi .bash_profile
   40  exit
login as: user
user@192.168.1.3's password: 
Last login: Tue Jul  5 17:38:33 2016 from 192.168.1.2
--------------------------------------------------------------------
ATTENTION!

- When completing assignments, be sure to log on using PuTTY!  If
  you do not use PuTTY, your work will NOT be saved to a log file.

- Do NOT log on as root or other superuser unless directed to do so.
--------------------------------------------------------------------

[user@localhost ~]$ echo $PATH
/usr/kerberos/bin:/usr/local/bin:/bin:/usr/bin:/home/user/bin:/home/user/source
[user@localhost ~]$ cd
[user@localhost ~]$ vi veg_choice
"veg_choice" "veg_choice" 13L, 273Cecho -n "What is your favorite vegetable? "
read veg_name
if [ "$veg_name" = "broccoli" ]
thenecho "Broccoli is a healthy choice."
elseif [ "$veg_name" = "carrots" ]thenecho "Carrots are good for you."elseecho "Don't forget to eat your broccoli also."fi
fi
~                                                                             ~                                                                             ~                                                                             ~                                                                             ~                                                                             ~                                                                             ~                                                                             ~                                                                             ~                                                                             ~                                                                             12,2-9        All11,2-16       All10,2-9        All9,2-16        All8,2-9         All7,2-9         All6,4           All5,2-9         All4,4           All3,9           All3,8           All3,7           All3,6           All3,5           All[]3,4           All[]3,3           All3,2           All3,1           All-- INSERT --3,1           All#if [ "$veg_name" = "broccoli" ]3,2           All if [ "$veg_name" = "broccoli" ]3,3           All4,3           All4,2           All4,1           All3,1           All3,2           All3,3           All3,4           All3,5           All []3,6           All3,7           All[]3,8           All3,9           All3,10          All3,11          All3,12          All3,13          All3,14          All3,15          All3,16          All3,17          All3,18          All3,19          All3,20          All3,21          All3,22          All3,23          All3,24          All3,25          All3,26          All3,27          All3,28          All3,30          All3,31          All3,32          All# if []3,33          All3,34          All[]-- INSERT --4,1           Alli4,2           Allf4,3           All4,4           Allt4,5           Alle4,6           Alls4,7           Allt4,8           All4,9           All$4,10          Allv4,11          Alle4,12          Allg4,13          All_4,14          Alln4,15          Alla4,16          Allm4,17          Alle4,18          All4,19          All=4,20          All4,21          All"4,22          Allb4,23          Allr4,24          Allo4,25          Allc4,26          Allc4,27          Allo4,28          Alll4,29          Alli4,30          All"4,31          All4,30          All:x:x"veg_choice" "veg_choice" 14L, 306C written
[user@localhost ~]$ ./veg_choice
What is your favorite vegetable? broccoli
Broccoli is a healthy choice.
[user@localhost ~]$ clear
[user@localhost ~]$ vi colors
"colors" "colors" 5L, 141Cecho -n "Try to guess my favorite color: "
read guess
while [ "$guess" != "red" ]; doecho "No, not that one. Try again. "; read guess
done
~                                                                             ~                                                                             ~                                                                             ~                                                                             ~                                                                             ~                                                                             ~                                                                             ~                                                                             ~                                                                             ~                                                                             ~                                                                             ~                                                                             ~                                                                             ~                                                                             ~                                                                             ~                                                                             ~                                                                             ~                                                                             4,2-9         All3,9           All3,8           All[]3,7           All[]3,6           All3,5           All3,4           All3,3           All3,2           All3,1           All-- INSERT --3,1           All#while [ "$guess" != "red" ]; do3,2           All while [ "$guess" != "red" ]; do3,3           All3,4           All3,5           All3,6           All3,7           All3,8           All []3,9           All3,10          All[]3,11          All3,12          All3,13          All3,14          All3,15          All3,16          All3,17          All3,18          All3,19          All3,20          All3,21          All3,22          All3,23          All3,24          All3,25          All3,26          All3,27          All3,28          All[]3,29          All3,30          All[]3,31          All3,32          All3,33          All3,34          All3,33          All3,32          All3,31          All3,32          All3,33          All3,34          All-- INSERT --4,1           Allw4,2           Allh4,3           Alli4,4           Alll4,5           Alle4,6           All4,7           Allt4,8           Alle4,9           Alls4,10          Allt4,11          All4,12          All$4,13          Allg4,14          Allu4,15          Alle4,16          Alls4,17          Alls4,18          All4,19          All!4,20          All=4,21          All4,22          All"4,23          Allr4,24          Alle4,25          Alld4,26          All"4,27          All4,28          All;4,29          All4,30          Alld4,31          Allo4,32          All4,31          All:x:x"colors" "colors" 6L, 175C written
[user@localhost ~]$ ./colors
Try to guess my favorite color: pink
No, not that one. Try again. 
purple
No, not that one. Try again. 
orange
No, not that one. Try again. 
red
[user@localhost ~]$ clear
[user@localhost ~]$ cd ~/source
[user@localhost source]$ grep 219-55-5-4501 corp_phones | tr':' ':' ' '
219-555-4501 Robinson Albert J 4501 Secretary 08-12-1997
[user@localhost source]$ cat corp_phones | tr '[a-z]' '[A-Z']'
219-555-4567:HARRISON:JOEL:M:4540:ACCOUNTANT:09-12-1985
219-555-4587:MITCHELL:BARBARA:C:4541:ADMIN ASST:12-14-1995
219-555-4589:OLSON:TIMOTHY:H:4544:SUPERVISOR:06-30-1983
219-555-4591:MOORE:SARAH:H:4500:DEPT MANAGER:08-01-1978
219-555-4544:POLK:JOHN:S:4520:ACCOUNTANT:09-22-2001
219-555-4501:ROBINSON:ALBERT:J:4501:SECRETARY:08-12-1997
219-555-7175:MULLINS:ALLEN:L:7527:SALES REP:02-19-2007
219-555-7176:ALBERTSON:JEANNETTE:K:5547:DC CLERK:02-19-2007
[user@localhost source]$ vi phonefind
"phonefind" [New File]~                                                                             ~                                                                             ~                                                                             ~                                                                             ~                                                                             ~                                                                             ~                                                                             ~                                                                             ~                                                                             ~                                                                             ~                                                                             ~                                                                             ~                                                                             ~                                                                             ~                                                                             ~                                                                             ~                                                                             ~                                                                             ~                                                                             ~                                                                             ~                                                                             ~                                                                             0,0-1         All-- INSERT --0,1           All#1,2           All!1,3           All/1,4           Allb1,5           Alli1,6           Alli1,7           Alln1,8           All1,7           All1,6           Alln1,7           All/1,8           Allb1,9           Alla1,10          Alls1,11          Allh1,12          All2,1           All#2,2           All=2,3           All=2,4           All=2,5           All=2,6           All=2,7           All=2,8           All=2,9           All=2,10          All=2,11          All=2,12          All=2,13          All=2,14          All=2,15          All=2,16          All=2,17          All=2,18          All=2,19          All=2,20          All=2,21          All=2,22          All=2,23          All=2,24          All=2,25          All=2,26          All=2,27          All=2,28          All=2,29          All=2,30          All=2,31          All=2,32          All=2,33          All=2,34          All=2,35          All=2,36          All=2,37          All=2,38          All=2,39          All=2,40          All=2,41          All=2,42          All==2,44          All=2,45          All=2,46          All=2,47          All=2,48          All=2,49          All=2,50          All=2,51          All=2,52          All=2,53          All=2,54          All=2,55          All=2,56          All=2,57          All=2,58          All=2,59          All=2,60          All3,1           All#3,2           All3,3           AllS3,4           Allc3,5           Allr3,6           Alli3,7           Allp3,8           Alle3,9           All3,8           Allt3,9           All3,10          AllN3,11          Alla3,12          Allm3,13          Alle3,14          All:3,15          All3,16          Allp3,17          Allh3,18          Allo3,19          Alln3,20          Alle3,21          Allf3,22          Alli3,23          Alln3,24          Alld3,25          All4,1           All#4,2           All4,3           AllB4,4           Ally4,5           All:4,6           All4,7           All4,8           All4,9           All4,10          All4,11          All4,12          All4,13          All4,14          All4,15          All4,16          AllJ4,17          AllW4,18          All5,1           All#5,2           All5,3           AllD5,4           Alla5,5           Allt5,6           Alle5,7           All:5,8           All5,9           All5,10          All5,11          All5,12          All5,13          All5,14          All5,15          All5,16          All5,17          All5,18          All5,17          All5,16          All75,17          All/5,18          All55,19          All/5,20          All25,21          All05,22          All65,23          All5,22          All15,23          All65,24          All6,1           All#6,2           All6,3           AllP6,4           Allu6,5           Allr6,6           Allp6,7           Allo6,8           Alls6,9           Alle6,10          All:6,11          All6,12          All6,13          All6,14          All6,15          All6,16          AllS6,17          Alle6,18          Alla6,19          Allr6,20          Allc6,21          Allh6,22          Alle6,23          Alls6,24          All6,25          Allf6,26          Allo6,27          Allr6,28          All6,29          Alla6,30          All6,31          Alls6,32          Allp6,33          Alle6,34          Allc6,35          Alli6,36          Allf6,37          Alli6,38          Alle6,39          Alld6,40          All6,41          Allr6,42          Alle6,43          Alld6,44          All6,43          Allc6,44          Allo6,45          Alld6,46          All6,45          Allr6,46          Alld6,47          All6,48          Alli6,49          Alln6,50          All6,51          Allt6,52          Allh6,53          Alle6,54          All7,1           All#7,2           All7,3           All7,4           All7,6           All7,11          All7,12          All7,13          All7,14          All7,15          All7,16          Allc7,17          Allo7,18          Allr7,19          Allp7,20          All_7,21          Allp7,22          Allh7,23          Allo7,24          Alln7,25          Alle7,26          Alls7,27          All7,28          Allf7,29          Alli7,30          Alll7,31          Alle7,32          All8,1           All#8,2           All=8,3           All=8,4           All=8,5           All=8,6           All=8,7           All=8,8           All=8,9           All=8,10          All=8,11          All=8,12          All=8,13          All=8,14          All=8,15          All=8,16          All=8,17          All=8,18          All=8,19          All=8,20          All=8,21          All=8,22          All=8,23          All=8,24          All=8,25          All=8,26          All=8,27          All=8,28          All=8,29          All=8,30          All=8,31          All=8,32          All=8,33          All=8,34          All=8,35          All=8,36          All=8,37          All=8,38          All=8,39          All=8,40          All=8,41          All=8,42          All=8,43          All=8,44          All=8,45          All=8,46          All=8,47          All=8,48          All=8,49          All=8,50          All=8,51          All=8,52          All=8,53          All=8,54          All=8,55          All=8,56          All=8,57          All=8,58          All=8,59          All=8,60          All9,1           Allp9,2           Allh9,3           Allo9,4           Alln9,5           Alle9,6           Allf9,7           Alli9,8           Alll9,9           Alle9,10          All=9,11          All~9,12          All/9,13          Alls9,14          Allo9,15          Allr9,16          All9,15          Allu9,16          Allr9,17          Allc9,18          Alle9,19          All9,20          All9,19          All/9,20          Allc9,21          Allo9,22          Allr9,23          Allp9,24          All_9,25          Allp9,26          Allh9,27          Allo9,28          Alln9,29          Alle9,30          Alls9,31          All10,1          Allc10,2          Alll10,3          Alle10,4          Alla10,5          Allr10,6          All11,1          Allt11,2          Allp11,3          Allu11,4          Allt11,5          All11,6          Allc11,7          Allu11,8          Allp11,9          All11,10         All511,11         All11,12         All111,13         All12,1          Alle12,2          Allc12,3          Allho12,5          All12,6          All"12,7          AllE12,8          Alln12,9          Allt12,10         Alle12,11         Allr12,12         All12,13         Allp12,14         Allh12,15         Allo12,16         Alln12,17         Alle12,18         All12,19         Alln12,20         Allu12,21         Allm12,22         Allb12,23         Alle12,24         Allr12,25         All12,26         Allt12,27         Allo12,28         All12,29         Alls12,30         Alle12,31         Alla12,32         Allr12,33         Allc12,34         Allh12,35         All12,36         Allf12,37         Allo12,38         Allr12,39         All:12,40         All12,41         All"12,42         All13,1          Allt13,2          Allp13,3          Allu13,4          Allt13,5          All13,6          Allc13,7          Allu13,8          Allp13,9          All13,10         All513,11         All13,12         All313,13         All513,14         All14,1          Allr14,2          Alle14,3          Alla14,4          Alld14,5          All14,6          Alln14,7          Allu14,8          Allm14,9          Allb14,10         Alle14,11         Allr14,12         All15,1          Alle15,2          Allc15,3          Allh15,4          Allo15,5          All15,6          All15,5          All16,1          Allg16,2          Allr16,3          Alle16,4          Allp16,5          All16,6          All$16,7          Alln16,8          Allu16,9          Allm16,10         Allb16,11         Alle16,12         Allr16,13         All16,14         All$16,15         Allp16,16         Allh16,17         Allo16,18         Alln16,19         Alle16,20         Allf16,21         Alli16,22         Alll16,23         Alle16,24         All16,25         All|16,26         All16,27         Allt16,28         Allr16,29         All16,30         All'16,31         All:16,32         All'16,33         All16,34         All"16,35         All16,34         All'16,35         All16,36         All'16,37         All17,1          Alle17,2          Allc17,3          Allh17,4          Allo17,5          All17,6          All17,5          All18,1          Alle18,2          Allc18,3          Allh18,4          Allo18,5          All18,6          All"18,7          AllP18,8          Allr18,9          Alle18,10         Alls18,11         Alls18,12         All18,13         AllE18,14         AllN18,15         AllT18,16         AllE18,17         AllR18,18         All18,19         Allt18,20         Allo18,21         All18,22         Allc18,23         Allo18,24         Alln18,25         Allt18,26         Alli18,27         Alln18,28         Allu18,29         Alle18,30         All.18,31         All.18,32         All.18,33         All"18,34         All19,1          Allr19,2          Alle19,3          Alla19,4          Alld19,5          All19,6          Allc19,7          Allo19,8          Alln19,9          Allt19,10         Allu19,11         All19,10         Alli19,11         Alln19,12         Allu19,13         Alle19,14         All19,13         All:x:x"phonefind" "phonefind" [New] 19L, 498C written
[user@localhost source]$ chmod a+x phonefind
[user@localhost source]$ ./phonefind
Enter phone number to search for: 
219-555-7175

219-555-7175 Mullins Allen L 7527 Sales Rep 02-19-2007

Press ENTER to continue...

[user@localhost source]$ cp corp_phones corp_phones_backup
[user@localhost source]$ vi phmenu
"phmenu" "phmenu" 30L, 867C# Date:                 6/13/2016
# Purpose:              A menu for the Corporate Phone List
# Command Line:         phmenu
#============================================================
phonefile=~/source/corp_phones
loop=y
while [ "$loop" = y ]
docleartput cup 3 12; echo "Corporate Phone Reporting Menu"tput cup 4 12; echo "=============================="tput cup 6 9; echo "P - Print Phone List"tput cup 7 9; echo "A - Add New Phones"tput cup 8 9; echo "S - Search New Phones"tput cup 9 9; echo "V - View Phone List"tput cup 10 9; echo "Q - Quit: "tput cup 10 19;read choice || continuecase $choice in[Aa]) ./phoneadd ;;[Pp]) ./phlist1 ;;[Ss]) ./phonefind ;;[Vv]) less $phonefile ;;26,3-17       42%[Ss]25,3-17       42%[Pp][Ss]24,3-17       42%[Aa][Pp]23,3-17       42%[Aa]22,10-17      42%21,10-17      42%20,10-17      42%19,10-17      42%18,10-17      42%17,10-17      42%16,10-17      42%15,10-17      42%14,10-17      42%13,10-17      42%12,6-13       42%11,2          42%10,17         42%9,6           42%8,17          42%7,17          42%6,17-24       42%5,12-24       42%4,10-24       42%# By:                   JW3,8-24        28%# Script Name:          phmenu2,16-24       14%#============================================================1,17          Top1,16          Top1,15          Top1,14          Top1,13          Top1,12          Top1,11          Top1,10          Top1,9           Top1,8           Top1,7           Top1,6           Top1,5           Top1,4           Top1,3           Top1,2           Top1,1           Top-- INSERT --1,1           Top#=1,2           Top!#=1,3           Top/#=1,4           Topb#=1,5           Topi#=1,6           Topn#=1,7           Top/#=1,8           Topb#=1,9           Topa#=1,10          Tops#=1,11          Toph#=1,12          Top#============================================================-- INSERT --2,1           Top3,1           Top4,1           Top5,1           Top6,1           Top7,1           Top8,1           Top9,1           Top8,1           Top9,1           Topphonefile=~/source/corp_phones-- INSERT --10,1          Top9,1           Topt9,2           Topr9,3           Topa9,4           Topp9,5           Top9,6           Top"9,7           Topr9,8           Topm9,9           Top9,10          Top.9,11          Top/9,12          Topf9,13          Top9,14          Top29,15          Top>9,16          Top9,17          Top/9,18          Topd9,19          Tope9,20          Topv9,21          Top/9,22          Topn9,23          Topu9,24          Topl9,25          Topl9,26          Top;9,27          Top9,28          Tope9,29          Topx9,30          Topi9,31          Topt9,32          Toptrap "rm ./f 2> /dev/null; exit"9,33          Top9,34          Top09,35          Top9,36          Top19,37          Top9,38          Top39,39          Top10,31         Top11,7          Top[]12,22         Top[]11,7          Top[]12,22         Top[]11,7          Top[]12,22         Top12,21         Top[]12,20         Top12,19         Top12,18         Top12,16         Top12,15         Top12,14         Top12,13         Top12,12         Top12,11         Top12,10         Top12,9          Top[]12,8          Top12,7          Top[]12,6          Top12,5          Top12,4          Top12,3          Top12,2          Top12,1          Top#while [ "$loop" = y ]12,2          Top while [ "$loop" = y ]12,3          Top11,3          Top11,4          Top11,5          Top11,6          Top11,7          Top12,7          Top12,8          Top[]12,9          Top12,10         Top[]12,11         Top12,12         Top12,13         Top12,14         Top12,15         Top12,16         Top12,17         Top12,18         Top12,19         Top12,20         Top12,21         Top12,22         Top[]12,23         Top12,24         Top[]-- INSERT --13,1          Topw13,2          Toph13,3          Topi13,4          Topl13,5          Tope13,6          Top13,7          Topt13,8          Tope13,9          Tops13,10         Topt13,11         Top13,12         Top$13,13         Topl13,14         Topo13,15         Topo13,16         Topp13,17         Top13,18         Top=13,19         Top13,20         Top"13,21         Topy13,22         Top"y"13,23         Top14,3          Top15,7-14       Top16,16-23      Top17,16-23      Top18,16-23      Top19,16-23      Top20,16-23      Top21,16-23      Top22,16-23      Top23,16-23      Top
read choice || continue
-- INSERT --24,16-23      10%
case $choice in
-- INSERT --25,16-23      20%
[Aa]) ./phoneadd ;;
-- INSERT --26,9-23       30%
[Pp]) ./phlist1 ;;
-- INSERT --27,9-23       40%26,9-23       40%25,16-23      40%24,16-23      40%23,16-23      40%22,16-23      40%21,16-23      40%21,17-24      40%21,18-25      40%21,19-26      40%21,20-27      40%21,21-28      40%21,22-29      40%21,23-30      40%21,24-31      40%21,25-32      40%21,26-33      40%21,27-34      40%21,28-35      40%21,29-36      40%21,30-37      40%21,31-38      40%21,32-39      40%21,33-40      40%21,34-41      40%21,35-42      40%21,36-43      40%21,37-44      40%21,38-45      40%21,39-46      40%21,40-47      40%21,41-48      40%21,42-49      40%-- INSERT --22,1          36%22,2-9        36%t22,3-10       36%p22,4-11       36%u22,5-12       36%t22,6-13       36%22,7-14       36%c22,8-15       36%u22,9-16       36%p22,10-17      36%22,11-18      36%122,12-19      36%022,13-20      36%22,14-21      36%922,15-22      36%22,16-23      36%22,15-22      36%;22,16-23      36%22,17-24      36%e22,18-25      36%c22,19-26      36%h22,20-27      36%o22,21-28      36%22,22-29      36%"22,23-30      36%D22,24-31      36%22,25-32      36%-22,26-33      36%22,27-34      36%D22,28-35      36%e22,29-36      36%l22,30-37      36%e22,31-38      36%t22,32-39      36%e22,33-40      36%22,34-41      36%P22,35-42      36%h22,36-43      36%o22,37-44      36%n22,38-45      36%e22,39-46      36%"D - Delete Phone"22,40-47      36%23,34-41      36%23,33-40      36%23,32-39      36%23,31-38      36%23,30-37      36%23,29-36      36%23,28-35      36%23,27-34      36%23,26-33      36%23,25-32      36%23,24-31      36%23,23-30      36%23,22-29      36%23,21-28      36%23,20-27      36%23,19-26      36%23,18-25      36%23,17-24      36%23,16-23      36%23,15-22      36%23,14-21      36%23,13-20      36%23,12-19      36%23,13-20      36% 9; echo "Q - Quit: "23,12-19      36%2 9; echo "Q - Quit: "23,13-20      36%24,13-20      36% 19;24,12-19      36%2 19;24,13-20      36%25,13-20      36%26,13-20      36%[Aa]27,6-20       36%
[Aa][Pp]) ./phlist1 ;;
-- INSERT --28,6-20       45%
[Pp][Ss]) ./phonefind ;;
-- INSERT --29,6-20       54%
[Ss][Vv]) less $phonefile ;;
-- INSERT --30,6-20       63%
[Vv][Qq]) exit ;;
-- INSERT --31,6-20       72%
[Qq]*) tput cup 14 4; echo "Invalid Code", read choice ;;
-- INSERT --32,6-20       81%
esac
-- INSERT --33,6-13       90%
done
-- INSERT --34,5          Bot33,6-13       Bot32,6-20       Bot[Qq]31,6-20       Bot[Vv][Qq]30,6-20       Bot[Vv]30,7-21       Bot30,8-22       Bot30,9-23       Botcless $phonefile ;;30,10-24      Botlless $phonefile ;;30,11-25      Boteless $phonefile ;;30,12-26      Botaless $phonefile ;;30,13-27      Botrless $phonefile ;;30,14-28      Bot;less $phonefile ;;30,15-29      Bot less $phonefile ;;30,16-30      Bot30,15-29      Bot30,14-28      Bot ; less $phonefile ;;30,15-29      Bot30,16-30      Bot31,16-30      Bot30,16-30      Bot30,17-31      Bot30,18-32      Bot30,19-33      Bot30,20-34      Bot30,21-35      Bot30,22-36      Bot30,23-37      Bot30,24-38      Bot30,25-39      Bot30,26-40      Bot30,27-41      Bot30,28-42      Bot30,29-43      Bot30,30-44      Bot30,31-45      Bot30,32-46      Bot30,33-47      Bot30,34-48      Bot30,35-49      Bot30,34-48      Bot30,35-49      Bot-- INSERT --31,1          91%31,2-9        91%31,3-17       91%[31,4-18       91%D31,5-19       91%d31,6-20       91%[Dd]31,7-21       91%[Dd])31,8-22       91%31,9-23       91%t31,10-24      91%p31,11-25      91%u31,12-26      91%t31,13-27      91%31,14-28      91%c31,15-29      91%u31,16-30      91%p31,17-31      91%31,18-32      91%131,19-33      91%631,20-34      91%31,21-35      91%631,22-36      91%31,23-37      91%31,22-36      91%31,21-35      91%431,22-36      91%31,23-37      91%31,22-36      91%;31,23-37      91%31,24-38      91%e31,25-39      91%c31,26-40      91%h31,27-41      91%o31,28-42      91%31,29-43      91%"31,30-44      91%D31,31-45      91%e31,32-46      91%l31,33-47      91%e31,34-48      91%t31,35-49      91%e31,36-50      91%31,37-51      91%P31,38-52      91%o31,39-53      91%31,38-52      91%h31,39-53      91%o31,40-54      91%n31,41-55      91%e31,42-56      91%31,43-57      91%R31,44-58      91%e31,45-59      91%c31,46-60      91%or31,48-62      91%d31,49-63      91%"Delete Phone Record"31,50-64      91%-- INSERT --32,1          84%32,2-9        84%32,3-17       84%32,4-25       84%31,11-25      84%31,10-24      84%31,9-23       84%32,3-17       84%32,4-25       84%32,3-17       84%32,4-18       84%32,5-19       84%32,6-20       84%32,7-21       84%32,8-22       84%32,9-23       84%e32,10-24      84%c32,11-25      84%h32,12-26      84%o32,13-27      84%32,14-28      84%32,13-27      84%32,12-26      84%32,11-25      84%32,10-24      84%32,9-23       84%techo32,10-24      84%pecho32,11-25      84%uecho32,12-26      84%techo32,13-27      84% echo32,14-28      84%cecho32,15-29      84%uecho32,16-30      84%pecho32,17-31      84% echo32,18-32      84%1echo32,19-33      84%7echo32,20-34      84% echo32,21-35      84%4echo32,22-36      84%;echo32,23-37      84% echo32,24-38      84%32,25-39      84%32,26-40      84%32,27-41      84%32,28-42      84%32,29-43      84%"32,30-44      84%P32,31-45      84%h32,32-46      84%o32,33-47      84%n32,34-48      84%e32,35-49      84%:32,36-50      84%32,37-51      84%"Phone: "32,38-52      84%[Qq]) exit ;;33,1          78%33,2-9        78%33,3-17       78%33,4-18       78%33,5-19       78%33,6-20       78%33,7-21       78%33,8-22       78%33,9-23       78%t33,10-24      78%p33,11-25      78%u33,12-26      78%t33,13-27      78%33,14-28      78%r33,15-29      78%e33,16-30      78%a33,17-31      78%d33,18-32      78%33,17-31      78%33,16-30      78%33,15-29      78%33,14-28      78%cread33,15-29      78%uread33,16-30      78%pread33,17-31      78% read33,18-32      78%1read33,19-33      78%7read33,20-34      78% read33,21-35      78%1read33,22-36      78%1read33,23-37      78%;read33,24-38      78% read33,25-39      78%33,26-40      78%33,27-41      78%33,28-42      78%33,29-43      78%33,30-44      78%n33,31-45      78%u33,32-46      78%m33,33-47      78%b33,34-48      78%e33,35-49      78%r33,36-50      78%34,1          73%34,2-9        73%34,3-17       73%34,4-18       73%34,5-19       73%34,6-20       73%34,7-21       73%34,8-22       73%34,9-23       73%t34,10-24      73%p34,11-25      73%u34,12-26      73%t34,13-27      73%34,14-28      73%c34,15-29      73%u34,16-30      73%p34,17-31      73%34,18-32      73%134,19-33      73%834,20-34      73%34,21-35      73%434,22-36      73%;34,23-37      73%34,24-38      73%e34,25-39      73%c34,26-40      73%h34,27-41      73%o34,28-42      73%34,29-43      73%"34,30-44      73%A34,31-45      73%c34,32-46      73%c34,33-47      73%e34,34-48      73%t34,35-49      73%34,34-48      73%p34,35-49      73%t34,36-50      73%34,37-51      73%(34,38-52      73%y34,39-53      73%(y)34,40-54      73%(y)e34,41-55      73%s34,42-56      73%34,43-57      73%o34,44-58      73%r34,45-59      73%34,46-60      73%(34,47-61      73%n34,48-62      73%(n)34,49-63      73%(n)o34,50-64      73%:34,51-65      73%34,52-66      73%"Accept (y)es or (n)o: "34,53-67      73%34,54-68      73%34,53-67      73%
-- INSERT --35,1          75%35,2-9        75%35,3-17       75%35,4-18       75%35,5-19       75%35,6-20       75%35,7-21       75%35,8-22       75%35,9-23       75%t35,10-24      75%p35,11-25      75%u35,12-26      75%t35,13-27      75%35,14-28      75%c35,15-29      75%u35,16-30      75%p35,17-31      75%35,18-32      75%135,19-33      75%835,20-34      75%35,21-35      75%235,22-36      75%735,23-37      75%35,24-38      75%35,23-37      75%;35,24-38      75%35,25-39      75%r35,26-40      75%e35,27-41      75%a35,28-42      75%d35,29-43      75%35,30-44      75%A35,31-45      75%c35,32-46      75%c35,33-47      75%e35,34-48      75%p35,35-49      75%t35,36-50      75%
-- INSERT --36,1          76%36,2-9        76%36,3-17       76%36,4-18       76%36,5-19       76%36,6-20       76%36,7-21       76%36,8-22       76%36,9-23       76%i36,10-24      76%f36,11-25      76%36,12-26      76%te36,14-28      76%s36,15-29      76%t36,16-30      76%36,17-31      76%$36,18-32      76%A36,19-33      76%c36,20-34      76%c36,21-35      76%e36,22-36      76%p36,23-37      76%t36,24-38      76%36,25-39      76%=36,26-40      76%36,27-41      76%"36,28-42      76%y36,29-43      76%"y"36,30-44      76%
-- INSERT --37,1          77%37,2-9        77%37,3-17       77%37,4-25       77%37,3-17       77%37,4-18       77%37,5-19       77%37,6-20       77%37,7-21       77%37,8-22       77%37,9-23       77%37,10-25      77%37,9-23       77%37,8-22       77%37,7-21       77%37,6-20       77%37,5-19       77%37,4-18       77%37,3-17       77%37,2-9        77%37,3-17       77%37,4-25       77%37,5-33       77%37,4-25       77%37,3-17       77%37,4-18       77%37,5-19       77%37,6-20       77%37,7-21       77%37,8-22       77%37,9-23       77%t37,10-24      77%h37,11-25      77%e37,12-26      77%n37,13-27      77%
[Qq]) exit ;;
-- INSERT --38,13-27      83%
*) tput cup 14 4; echo "Invalid Code", read choice ;;
-- INSERT --39,13-27      88%
esac
-- INSERT --40,6-13       94%
done
-- INSERT --41,5          Bot40,6-13       Bot39,13-27      Bot38,13-27      Bot37,13-27      Bot36,13-27      Bot35,13-27      Bot34,13-27      Bot33,13-27      Bot32,13-27      Bot31,13-27      Bot30,13-27      Bot29,13-27      Bot28,13-27      Bot27,13-27      Bot26,17-24      Bot25,20-27      Bot24,17-24      Bot23,20-27      Bot22,20-27      Bot21,20-27      Bot20,20-27      Bot19,20-27      Bottput cup 6 9; echo "P - Print Phone List"-- INSERT --18,20-27      94%tput cup 4 12; echo "=============================="-- INSERT --17,20-27      88%tput cup 3 12; echo "Corporate Phone Reporting Menu"-- INSERT --16,20-27      83%clear-- INSERT --15,7-14       77%do-- INSERT --14,3          72%while test $loop = "y"-- INSERT --13,23         66%# while [ "$loop" = y ]-- INSERT --12,24         61%trap "rm ./f 2> /dev/null; exit" 0 1 3
phonefile=~/source/corp_phones
loop=y[]-- INSERT --9,27          44%#============================================================-- INSERT --8,27          38%# Command Line:         phmenu-- INSERT --7,20-27       33%# Purpose:              A menu for the Corporate Phone List-- INSERT --6,15-27       27%# Date:                 6/13/2016-- INSERT --5,13-27       22%# By:                   JW-- INSERT --4,11-27       16%# Script Name:          phmenu-- INSERT --3,19-27       11%4,11-27       11%5,13-27       11%6,15-27       11%7,20-27       11%8,27          11%9,27          11%10,27         11%11,7          11%[]12,24         11%[]13,23         11%14,3          11%15,7-14       11%16,20-27      11%17,20-27      11%18,20-27      11%19,20-27      11%20,20-27      11%21,20-27      11%22,20-27      11%23,20-27      11%24,17-24      11%25,20-27      11%
case $choice in
-- INSERT --26,17-24      16%
[Aa]) ./phoneadd ;;
-- INSERT --27,13-27      22%
[Pp]) ./phlist1 ;;
-- INSERT --28,13-27      27%
[Ss]) ./phonefind ;;
-- INSERT --29,13-27      33%
[Vv]) clear ; less $phonefile ;;
-- INSERT --30,13-27      38%
[Dd]) tput cup 16 4; echo "Delete Phone Record"
-- INSERT --31,13-27      44%
tput cup 17 4; echo "Phone: "
-- INSERT --32,13-27      50%
tput cup 17 11; read number
-- INSERT --33,13-27      55%
tput cup 18 4; echo "Accept (y)es or (n)o: "
-- INSERT --34,13-27      61%
tput cup 18 27; read Accept
-- INSERT --35,13-27      66%
if test $Accept = "y"
-- INSERT --36,13-27      72%
then
-- INSERT --37,13-27      77%
[Qq]) exit ;;
-- INSERT --38,13-27      83%
*) tput cup 14 4; echo "Invalid Code", read choice ;;
-- INSERT --39,13-27      88%
esac
-- INSERT --40,6-13       94%
done
-- INSERT --41,5          Bot40,6-13       Bot39,13-27      Bot38,13-27      Bot37,13-27      Bot37,12-26      Bot37,11-25      Bot37,10-24      Bot37,9-23       Bot37,10-24      Bot37,9-23       Botthen37,8-22       Botthen37,7-21       Botthen37,6-20       Botthen37,5-19       Botthen37,4-18       Botthen37,3-17       Bot        then37,4-25       Bot        then37,5-33       Botthen37,4-25       Bot37,5-26       Bot37,6-27       Bot37,7-28       Bot37,8-29       Bot-- INSERT --38,1          94%38,2-9        94%38,3-17       94%38,4-25       94%38,5-33       94%s38,6-34       94%e38,7-35       94%d38,8-36       94%38,9-37       94%/38,10-38      94%$38,11-39      94%n38,12-40      94%u38,13-41      94%m38,14-42      94%b38,15-43      94%e38,16-44      94%r38,17-45      94%/38,18-46      94%d38,19-47      94%38,20-48      94%$38,21-49      94%p38,22-50      94%h38,23-51      94%o38,24-52      94%n38,25-53      94%e38,26-54      94%f38,27-55      94%i38,28-56      94%l38,29-57      94%e38,30-58      94%38,31-59      94%>38,32-60      94%38,33-61      94%f38,34-62      94%-- INSERT --39,1          90%39,2-9        90%39,3-17       90%39,4-25       90%39,5-33       90%39,6-41       90%39,5-33       90%c39,6-34       90%p39,7-35       90%39,8-36       90%f39,9-37       90%39,10-38      90%$39,11-39      90%p39,12-40      90%h39,13-41      90%o39,14-42      90%n39,15-43      90%e39,16-44      90%f39,17-45      90%i39,18-46      90%l39,19-47      90%e39,20-48      90%[Qq]) exit ;;40,1          85%40,2-9        85%40,3-17       85%40,4-25       85%r40,5-26       85%m40,6-27       85%40,7-28       85%f40,8-29       85%39,4-25       85%38,4-25       85%37,8-29       85%36,15-29      85%35,15-29      85%34,15-29      85%33,15-29      85%32,15-29      85%31,15-29      85%31,14-28      85%31,13-27      85%31,12-26      85%31,11-25      85%31,10-24      85%31,9-23       85%tput cup 16 4; echo "Delete Phone Record"31,8-22       85%   tput cup 16 4; echo "Delete Phone Record"31,9-25       85%32,11-25      85%32,10-24      85%32,9-23       85%tput cup 17 4; echo "Phone: "32,8-22       85%tput cup 17 4; echo "Phone: "32,7-21       85%tput cup 17 4; echo "Phone: "32,6-20       85%tput cup 17 4; echo "Phone: "32,5-19       85%tput cup 17 4; echo "Phone: "32,4-18       85%tput cup 17 4; echo "Phone: "32,3-17       85%        tput cup 17 4; echo Phone: "32,4-25       85%33,11-25      85%33,10-24      85%33,9-23       85%tput cup 17 11; read number33,8-22       85%tput cup 17 11; read number33,7-21       85%tput cup 17 11; read number33,6-20       85%tput cup 17 11; read number33,5-19       85%tput cup 17 11; read number33,4-18       85%tput cup 17 11; read number33,3-17       85%        tput cup 17 11; read number33,4-25       85%34,11-25      85%34,10-24      85%34,9-23       85%tput cup 18 4; echo "Accept (y)es or (n)o: "34,8-22       85%tput cup 18 4; echo "Accept (y)es or (n)o: "34,7-21       85%tput cup 18 4; echo "Accept (y)es or (n)o: "34,6-20       85%tput cup 18 4; echo "Accept (y)es or (n)o: "34,5-19       85%tput cup 18 4; echo "Accept (y)es or (n)o: "34,4-18       85%tput cup 18 4; echo "Accept (y)es or (n)o: "34,3-17       85%        tput cup 18 4; echo "Accept (y)es or (n)o: "34,4-25       85%35,11-25      85%35,10-24      85%35,9-23       85%tput cup 18 27; read Accept35,8-22       85%tput cup 18 27; read Accept35,7-21       85%tput cup 18 27; read Accept35,6-20       85%tput cup 18 27; read Accept35,5-19       85%tput cup 18 27; read Accept35,4-18       85%tput cup 18 27; read Accept35,3-17       85%        tput cup 18 27; read Accept35,4-25       85%36,11-25      85%36,10-24      85%36,9-23       85%if test $Accept = "y"36,8-22       85%if test $Accept = "y"36,7-21       85%if test $Accept = "y"36,6-20       85%if test $Accept = "y"36,5-19       85%if test $Accept = "y"36,4-18       85%if test $Accept = "y"36,3-17       85%        if test $Accept = "y"36,4-25       85%37,4-25       85%        then37,5-33       85%38,5-33       85%        sed /$number/d $phonefile > f38,6-41       85%39,13-41      85%39,12-40      85%39,11-39      85%39,10-38      85%39,9-37       85%39,8-36       85%39,7-35       85%39,6-34       85%39,5-33       85%        cp f $phonefile39,6-41       85%39,5-33       85%40,8-29       85%40,7-28       85%40,6-27       85%40,5-26       85%40,4-25       85%        rm f40,5-33       85%40,6-34       85%40,7-35       85%40,8-36       85%40,9-37       85%41,1          81%41,2-9        81%41,3-17       81%41,4-25       81%f41,5-26       81%i41,6-27       81%41,7-28       81%41,6-27       81%
-- INSERT --42,1          82%42,2-9        82%42,3-17       82%42,4-25       82%;42,5-26       82%;42,6-27       82%
[Qq]) exit ;;
-- INSERT --43,13-27      86%
*) tput cup 14 4; echo "Invalid Code", read choice ;;
-- INSERT --44,13-27      91%44,12-26      91%43,12-26      91%43,11-25      91%43,10-24      91%43,9-23       91%cexit ;;43,10-24      91%lexit ;;43,11-25      91%eexit ;;43,12-26      91%aexit ;;43,13-27      91%rexit ;;43,14-28      91%;exit ;;43,15-29      91%exit ;43,14-28      91% exit ;;43,15-29      91%;exit ;;43,16-30      91% exit ;;43,17-31      91%44,17-31      91%
esac
-- INSERT --45,6-13       95%
done
-- INSERT --46,5          Bot45,6-13       Bot44,17-31      Bot43,17-31      Bot42,6-27       Bot41,6-27       Bot40,4-25       Bot39,4-25       Bot38,4-25       Bot37,4-25       Bot36,10-31      Bot35,10-31      Bot34,10-31      Bot33,10-31      Bot32,10-31      Bot31,15-31      Bot30,17-31      Bot29,17-31      Bot28,17-31      Bot27,17-31      Bot26,17-24      Bot25,24-31      Bottput cup 10 9; echo "D - Delete Phone"tput cup 12 9; echo "Q - Quit: "-- INSERT --22,24-31      91%tput cup 9 9; echo "V - View Phone List"-- INSERT --21,24-31      86%tput cup 8 9; echo "S - Search New Phones"-- INSERT --20,24-31      82%tput cup 7 9; echo "A - Add New Phones"-- INSERT --19,24-31      78%tput cup 6 9; echo "P - Print Phone List"-- INSERT --18,24-31      73%tput cup 4 12; echo "=============================="-- INSERT --17,24-31      69%tput cup 3 12; echo "Corporate Phone Reporting Menu"-- INSERT --16,24-31      65%clear-- INSERT --15,7-14       60%do-- INSERT --14,3          56%while test $loop = "y"-- INSERT --13,23         52%# while [ "$loop" = y ]-- INSERT --12,24         47%loop=y[]-- INSERT --11,7          43%phonefile=~/source/corp_phones-- INSERT --10,31         39%trap "rm ./f 2> /dev/null; exit" 0 1 3-- INSERT --9,31          34%#============================================================-- INSERT --8,31          30%# Command Line:         phmenu-- INSERT --7,24-31       26%# Purpose:              A menu for the Corporate Phone List-- INSERT --6,19-31       21%# Date:                 6/13/2016-- INSERT --5,17-31       17%# By:                   JW-- INSERT --4,11-27       13%# Script Name:          phmenu-- INSERT --3,23-31        8%#============================================================-- INSERT --2,31           4%#!/bin/bash-- INSERT --1,12          Top2,31          Top3,23-31       Top4,11-27       Top5,17-31       Top6,19-31       Top7,24-31       Top8,31          Top9,31          Top10,31         Top11,7          Top[]12,24         Top[]14,3          Top15,7-14       Top16,24-31      Top17,24-31      Top18,24-31      Top19,24-31      Top20,24-31      Top21,24-31      Top22,24-31      Top23,24-31      Top
tput cup 12 19;
-- INSERT --24,17-24       4%
read choice || continue
-- INSERT --25,24-31       8%
case $choice in
-- INSERT --26,17-24      13%
[Aa]) ./phoneadd ;;
-- INSERT --27,17-31      17%
[Pp]) ./phlist1 ;;
-- INSERT --28,17-31      21%
[Ss]) ./phonefind ;;
-- INSERT --29,17-31      26%
[Vv]) clear ; less $phonefile ;;
-- INSERT --30,17-31      30%
[Dd])   tput cup 16 4; echo "Delete Phone Record"
-- INSERT --31,15-31      34%
tput cup 17 4; echo "Phone: "
-- INSERT --32,10-31      39%
tput cup 17 11; read number
-- INSERT --33,10-31      43%
tput cup 18 4; echo "Accept (y)es or (n)o: "
-- INSERT --34,10-31      47%
tput cup 18 27; read Accept
-- INSERT --35,10-31      52%
if test $Accept = "y"
-- INSERT --36,10-31      56%
then
-- INSERT --37,4-25       60%
sed /$number/d $phonefile > f
-- INSERT --38,4-25       65%
cp f $phonefile
-- INSERT --39,4-25       69%
rm f
-- INSERT --40,4-25       73%
fi
-- INSERT --41,6-27       78%
;;
-- INSERT --42,6-27       82%
[Qq]) clear ; exit ;;
-- INSERT --43,17-31      86%
*) tput cup 14 4; echo "Invalid Code", read choice ;;
-- INSERT --44,17-31      91%
esac
-- INSERT --45,6-13       95%
done
-- INSERT --46,5          Bot46,4          Bot:x:x"phmenu" "phmenu" 46L, 1303C written
[user@localhost source]$ clear
[user@localhost source]$ more corp_phones
219-555-4567:Harrison:Joel:M:4540:Accountant:09-12-1985
219-555-4587:Mitchell:Barbara:C:4541:Admin Asst:12-14-1995
219-555-4589:Olson:Timothy:H:4544:Supervisor:06-30-1983
219-555-4591:Moore:Sarah:H:4500:Dept Manager:08-01-1978
219-555-4544:Polk:John:S:4520:Accountant:09-22-2001
219-555-4501:Robinson:Albert:J:4501:Secretary:08-12-1997
219-555-7175:Mullins:Allen:L:7527:Sales Rep:02-19-2007
219-555-7176:Albertson:Jeannette:K:5547:DC Clerk:02-19-2007
[user@localhost source]$ ./phmenu
Corporate Phone Reporting Menu
==============================
P - Print Phone List
A - Add New Phones
S - Search New Phones
V - View Phone List
D - Delete Phone
Q - Quit: 
d
Delete Phone Record
Phone: 
219-555-4567
Accept (y)es or (n)o: 
y
Corporate Phone Reporting Menu
==============================
P - Print Phone List
A - Add New Phones
S - Search New Phones
V - View Phone List
D - Delete Phone
Q - Quit: 
v
219-555-4587:Mitchell:Barbara:C:4541:Admin Asst:12-14-1995
219-555-4589:Olson:Timothy:H:4544:Supervisor:06-30-1983
219-555-4591:Moore:Sarah:H:4500:Dept Manager:08-01-1978
219-555-4544:Polk:John:S:4520:Accountant:09-22-2001
219-555-4501:Robinson:Albert:J:4501:Secretary:08-12-1997
219-555-7175:Mullins:Allen:L:7527:Sales Rep:02-19-2007
219-555-7176:Albertson:Jeannette:K:5547:DC Clerk:02-19-2007
/home/user/source/corp_phones (END) Corporate Phone Reporting Menu
==============================
P - Print Phone List
A - Add New Phones
S - Search New Phones
V - View Phone List
D - Delete Phone
Q - Quit: 
q
[user@localhost source]$ cd
[user@localhost ~]$ CALEALEAR=`clear`
[user@localhost ~]$ export clearCLEAR
[user@localhost ~]$ echo "$CLEAR"

[user@localhost ~]$ vi .bashrc
".bashrc" ".bashrc" 9L, 143C# .bashrc

# Source global definitions
if [ -f /etc/bashrc ]; then
        . /etc/bashrc
fi

# User specific aliases and functions
alias list="ls -l"
~                                                                             ~                                                                             ~                                                                             ~                                                                             ~                                                                             ~                                                                             ~                                                                             ~                                                                             ~                                                                             ~                                                                             ~                                                                             ~                                                                             ~                                                                             ~                                                                             9,1           All9,2           All9,3           All9,4           All9,5           All9,6           All9,7           All9,8           All9,9           All9,10          All9,11          All9,12          All9,13          All9,14          All9,15          All9,16          All9,17          All9,18          All-- INSERT --9,18          All9,19          All10,1          AllC10,2          AllL10,3          AllE10,4          AllA10,5          AllR10,6          AllCLEAR=10,7          All`10,8          Allc10,9          Alll10,10         Alle10,11         Alla10,12         Allclear10,13         All`10,14         All11,1          Alle11,2          Allx11,3          Allp11,4          Allo11,5          Allr11,6          Allexport11,7          All11,8          Allc11,9          Alll11,10         Alle11,11         Alla11,12         Allclear11,13         Allclea11,12         All11,11         All11,10         All11,9          All11,8          AllC11,9          AllL11,10         AllE11,11         AllA11,12         AllR11,13         AllA11,14         All11,13         All11,12         All11,11         AllA11,12         AllR11,13         All11,12         All:x:x".bashrc" ".bashrc" 11L, 170C written
[user@localhost ~]$ exit
logout
    1  echo $PATH
    2  cd
    3  vi veg_choice
    4  ./veg_choice
    5  clear
    6  vi colors
    7  ./colors
    8  clear
    9  cd ~/source
   10  grep 219-555-4501 corp_phones | tr ':' ' '
   11  cat corp_phones | tr '[a-z]' '[A-Z]'
   12  vi phonefind
   13  chmod a+x phonefind
   14  ./phonefind
   15  cp corp_phones corp_phones_backup
   16  vi phmenu
   17  clear
   18  more corp_phones
   19  ./phmenu
   20  cd
   21  CLEAR=`clear`
   22  export CLEAR
   23  echo "$CLEAR"
   24  vi .bashrc
   25  exit
login as: user
user@192.168.1.3's password: 
Last login: Tue Jul  5 18:09:35 2016 from 192.168.1.2
--------------------------------------------------------------------
ATTENTION!

- When completing assignments, be sure to log on using PuTTY!  If
  you do not use PuTTY, your work will NOT be saved to a log file.

- Do NOT log on as root or other superuser unless directed to do so.
--------------------------------------------------------------------

[user@localhost ~]$ echo "$CLEAR"

[user@localhost ~]$ cd ~/sorurce
[user@localhost source]$ vi phoneadd
"phoneadd" "phoneadd" 48L, 1383Cif [ "$phonenum" = "q" ]thenclear; exitfitput cup 5 18; read lnametput cup 6 18; read fnametput cup 7 18; read midinittput cup 8 18; read deptnotput cup 9 18; read jobtitletput cup 10 18; read datehired# Check to see if last name is not a blank before you# write to diskif [ "$lname" > "       " ]thenecho "$phonenum:$lname:$fname:$midinit:$deptno:$jobtitle:$dateehired" >> $phonefilefitput cup 12 33; read looptestif [ "$looptest" = "q" ]thenclear; exitfi
done48,1          Bot#                       new employees to the corp_phones file.
# Command Line:         phoneadd
#
#================================================================
trap "rm ~/tmp/* 2> /dev/null; exit" 0 1 2 3
phonefile=~/source/corp_phones
looptest=y
while [ $looptest = y ]
docleartput cup 1 4; echo "Corporate Phone List Additions"tput cup 2 4; echo "=============================="tput cup 4 4; echo "Phone Number: "tput cup 5 4; echo "Last Name   : "tput cup 6 4; echo "First Name  : "tput cup 7 4; echo "Middle Init : "tput cup 8 4; echo "Dept #      : "tput cup 9 4; echo "Job Title   : "tput cup 10 4; echo "Date Hired  : "tput cup 12 4; echo "Add Another? (y)es or (q)uit: "tput cup 4 18; read phonenumif [ "$phonenum" = "q" ]then28,2-9        20%================================================================
# Script Name: 
# By:                   JW
# Date:                 6/13/2016# Purpose:              A shell script that sets up a loop to add
#                       new employees to the corp_phones file.
# Command Line:         phoneadd
##================================================================
trap "rm ~/tmp/* 2> /dev/null; exit" 0 1 2 3
phonefile=~/source/corp_phoneslooptest=ywhile [ $looptest = y ]doclear1Corporate Phone List Additions"2=============================="4Phone Number5 4; echo "Last Name   : "6 4; echo "First Name  : "7 4; echo "Middle Init : "tput cup 8 4; echoDept #      : "put cup 9 4; echo "Job Title   : "7,1           Top8,1           Top9,1           Top10,1          Top11,1          Top10,1          Top9,1           Top8,1           Top7,1           Top6,1           Top5,1           Top4,1           Top3,1           Top2,1           Top1,1           Top-- INSERT --1,1           Top#================================================================-- INSERT --2,1           Top1,1           Top#1,2           Top!1,3           Top/1,4           Topb1,5           Topi1,6           Topn1,7           Top/1,8           Topb1,9           Topa1,10          Tops1,11          Toph1,12          Top2,12          Top3,12          Top4,7-9         Top5,9           Top6,11          Top7,3-9         Top8,12          Top9,2           Top10,12         Top11,12         Top12,12         Top13,11         Top14,12         Top14,11         Top14,10         Top14,9          Top[]14,8          Top[]14,6          Top14,5          Top14,4          Top14,3          Top14,2          Top14,1          Top#while [ $looptest = y ]14,2          Top while [ $looptest = y ]14,3          Top14,4          Top14,5          Top14,6          Top14,7          Top14,8          Top[]14,9          Top14,10         Top[]14,11         Top14,12         Top14,13         Top14,14         Top14,15         Top14,16         Top14,17         Top14,18         Top14,19         Top14,20         Top14,21         Top14,22         Top14,23         Top14,24         Top[]14,25         Top14,26         Top[]-- INSERT --15,1          Topw15,2          Toph15,3          Topi15,4          Topl15,5          Tope15,6          Top15,7          Topt15,8          Tope15,9          Tops15,10         Topt15,11         Top15,12         Top"15,13         Top$15,14         Topl15,15         Topo15,16         Topo15,17         Topp15,18         Topt15,19         Tope15,20         Tops15,21         Topt15,22         Top"$looptest"15,23         Top15,24         Top=15,25         Top15,26         Top"15,27         Topy15,28         Top"y"15,29         Top16,3          Top17,7-14       Top18,22-29      Top19,22-29      Top20,22-29      Top21,22-29      Top23,22-29      Top
tput cup 8 4; echo "Dept #      : "
-- INSERT --24,22-29       3%
tput cup 9 4; echo "Job Title   : "
-- INSERT --25,22-29       7%
tput cup 10 4; echo "Date Hired  : "
-- INSERT --26,22-29      11%
tput cup 12 4; echo "Add Another? (y)es or (q)uit: "
-- INSERT --27,22-29      14%
tput cup 4 18; read phonenum
-- INSERT --28,22-29      18%
if [ "$phonenum" = "q" ]
-- INSERT --29,22-29      22%
then
-- INSERT --30,6-13       25%29,22-29      25%29,21-28      25%29,20-27      25%29,19-26      25%29,18-25      25%29,16-23      25%29,15-22      25%29,14-21      25%29,13-20      25%29,12-19      25%29,11-18      25%29,10-17      25%29,7-14       25%[]29,6-13       25%29,5-12       25%[]29,4-11       25%29,3-10       25%29,2-9        25%#if [ "$phonenum" = "q" ]29,3-10       25% if [ "$phonenum" = "q" ]29,4-11       25%29,5-12       25%29,6-13       25%[]29,7-14       25%[]29,10-17      25%29,11-18      25%29,12-19      25%29,13-20      25%29,14-21      25%29,15-22      25%29,16-23      25%29,17-24      25%29,18-25      25%29,19-26      25%29,20-27      25%29,21-28      25%29,22-29      25%29,23-30      25%29,24-31      25%29,25-32      25%29,26-33      25%[]29,27-34      25%29,28-35      25%[]30,1          25%30,2-9        25%i30,3-10       25%f30,4-11       25%30,5-12       25%t30,6-13       25%e30,7-14       25%s30,8-15       25%t30,9-16       25%30,10-17      25%"30,11-18      25%$30,12-19      25%p30,13-20      25%h30,14-21      25%o30,15-22      25%ne30,17-24      25%n30,18-25      25%u30,19-26      25%m30,20-27      25%"$phonenum"30,21-28      25%30,22-29      25%=30,23-30      25%30,24-31      25%"30,25-32      25%q30,26-33      25%"q"30,27-34      25%
then
-- INSERT --31,6-13       28%
clear; exit
-- INSERT --32,14-28      32%
fi
-- INSERT --33,4-11       35%
tput cup 5 18; read lname
-- INSERT --34,27-34      39%
tput cup 6 18; read fname
-- INSERT --35,27-34      42%
tput cup 7 18; read midinit
-- INSERT --36,27-34      46%
tput cup 8 18; read deptno
-- INSERT --37,27-34      50%36,27-34      50%35,27-34      50%34,27-34      50%-- INSERT --35,1          48%35,2-9        48%w35,3-10       48%h35,4-11       48%i35,5-12       48%l35,6-13       48%e35,7-14       48%35,8-15       48%t35,9-16       48%e35,10-17      48%s35,11-18      48%t35,12-19      48%35,13-20      48%"35,14-21      48%$35,15-22      48%l35,16-23      48%n35,17-24      48%a35,18-25      48%m35,19-26      48%e35,20-27      48%"$lname"35,21-28      48% =35,23-30      48%35,24-31      48%"35,25-32      48%-35,26-33      48%"-"35,27-34      48%6fname36,1          46%36,2-9        46%d36,3-10       46%o36,4-11       46%37,1          45%37,2-9        45%37,3-17       45%t37,4-18       45%p37,5-19       45%i37,6-20       45%o37,7-21       45%t37,8-22       45%37,7-21       45%37,6-20       45%37,5-19       45%u37,6-20       45%t37,7-21       45%37,8-22       45%c37,9-23       45%u37,10-24      45%p37,11-25      45%37,12-26      45%437,13-27      45%37,14-28      45%137,15-29      45%837,16-30      45%37,17-31      45%;37,18-32      45%37,19-33      45%e37,20-34      45%c37,21-35      45%h37,22-36      45%o37,23-37      45%37,24-38      45%"37,25-39      45%37,26-41      45%37,27-49      45%37,28-57      45%"                  "37,29-58      45%37,28-57      45%"37,27-49      45%37,28-50      45%
-- INSERT --38,1          46%38,2-9        46%38,3-17       46%t38,4-18       46%p38,5-19       46%u38,6-20       46%t38,7-21       46%38,8-22       46%c38,9-23       46%u38,10-24      46%p38,11-25      46%38,12-26      46%438,13-27      46%38,14-28      46%138,15-29      46%838,16-30      46%38,17-31      46%;38,18-32      46%38,19-33      46%r38,20-34      46%e38,21-35      46%a38,22-36      46%d38,23-37      46%38,24-38      46%p38,25-39      46%h38,26-40      46%o38,27-41      46%n38,28-42      46%e38,29-43      46%u38,30-44      46%n38,31-45      46%u38,32-46      46%m38,33-47      46%38,32-46      46%38,31-45      46%38,30-44      46%38,29-43      46%n38,30-44      46%u38,31-45      46%m38,32-46      46%
-- INSERT --39,1          48%39,2-9        48%39,3-17       48%i39,4-18       48%f39,5-19       48%39,6-20       48%t39,7-21       48%e39,8-22       48%s39,9-23       48%t39,10-24      48%39,11-25      48%"39,12-26      48%$39,13-27      48%p39,14-28      48%h39,15-29      48%o39,16-30      48%n39,17-31      48%e39,18-32      48%n39,19-33      48%u39,20-34      48%m39,21-35      48%"$phonenum"39,22-36      48%39,23-37      48%=39,24-38      48%39,25-39      48%"39,26-40      48%q39,27-41      48%"q"39,28-42      48%
-- INSERT --40,1          50%40,2-9        50%40,3-17       50%t40,4-18       50%h40,5-19       50%e40,6-20       50%n40,7-21       50%
-- INSERT --41,1          51%41,2-9        51%41,3-17       51%41,4-25       51%c41,5-26       51%l41,6-27       51%e41,7-28       51%a41,8-29       51%r41,9-30       51%41,10-31      51%;41,11-32      51%41,12-33      51%e41,13-34      51%x41,14-35      51%i41,15-36      51%t41,16-37      51%
-- INSERT --42,1          52%42,2-9        52%42,3-17       52%f42,4-18       52%i42,5-19       52%
-- INSERT --43,1          54%43,2-9        54%43,3-17       54%t43,4-18       54%u43,5-19       54%p43,6-20       54%t43,7-21       54%43,6-20       54%43,5-19       54%43,4-18       54%p43,5-19       54%u43,6-20       54%t43,7-21       54%43,8-22       54%c43,9-23       54%u43,10-24      54%p43,11-25      54%43,12-26      54%543,13-27      54%43,14-28      54%143,15-29      54%843,16-30      54%43,17-31      54%;43,18-32      54%43,19-33      54%r43,20-34      54%e43,21-35      54%a43,22-36      54%d43,23-37      54%43,24-38      54%l43,25-39      54%n43,26-40      54%a43,27-41      54%m43,28-42      54%e43,29-43      54%
-- INSERT --44,1          55%44,2-9        55%d44,3-10       55%o44,4-11       55%n44,5-12       55%e44,6-13       55%44,5-12       55%:s:se:set:set :set n:set nu:set num:set numb:set numbe:set number:set number 22         tput cup 6 4; echo "First Name  : "
 23         tput cup 7 4; echo "Middle Init : "
 24         tput cup 8 4; echo "Dept #      : "
 25         tput cup 9 4; echo "Job Title   : "
 26         tput cup 10 4; echo "Date Hired  : "
 27         tput cup 12 4; echo "Add Another? (y)es or (q)uit: "
 28         tput cup 4 18; read phonenum
 29         # if [ "$phonenum" = "q" ]
 30         if test "$phonenum = "q"
 31         then
 32     clear; exit
 33         fi
 34         tput cup 5 18; read lname
 35         while test "$lname = "-"
 36         do
 37     tput cup 4 18 ; echo "          "
 38     tput cup 4 18 ; read phonenum
 39     if test "$phonenum = "q"
 40     then
 41     clear ; exit
 42     fi
 43     tput cup 5 18 ; read lname
 44         done44,5-12       55%:3:30:30,:30,4:30,44:30,44d:30,44d15 fewer linestput cup 6 18; read fnameput cup 7 18; read midinittput cup 8 18; read deptnotput cup 9 18; read jobtitle10 18; read datehired# Check to see if last name is not a blank before you# write to diskif [ "$lname" > "       " ]thenecho "$phonenum:$lname:$fname:$midinit:$deptno:$jobtitle:$$   datehired" >> $phonefile0fi1tput cup 12 33; read looptest2if [ "$looptest" = "q" ]3then30,2-9        87%15 fewer lines30,2-9        87%31,2-9        87%30,2-9        87%29,2-9        87%28,2-9        87%27,2-9        87%26,2-9        87%25,2-9        87%24,2-9        87%23,2-9        87%22,2-9        87% 21 tput cup 5 4; echo "Last Name   : "21,2-9        83% 20 tput cup 4 4; echo "Phone Number: "20,2-9        79% 19 tput cup 2 4; echo "=============================="19,2-9        75% 18 tput cup 1 4; echo "Corporate Phone List Additions"18,2-9        70% 17 clear@                                                                             17,2-9        66% 16 do16,2          65% 15 while test "$looptest" = "y"15,9          60% 14 # while [ $looptest = y ]14,9          56% 13 looptest=y[]13,9          52% 12 phonefile=~/source/corp_phones12,9          47% 11 trap "rm ~/tmp/* 2> /dev/null; exit" 0 1 2 311,9          43%12,9          43%13,9          43%[]14,9          43%[]15,9          43%16,2          43%17,2-9        43%18,2-9        43%19,2-9        43%20,2-9        43%21,2-9        43%22,2-9        43%23,2-9        43%24,2-9        43%25,2-9        43%26,2-9        43%27,2-9        43%28,2-9        43%29,2-9        43%30,2-9        43%29,2-9        43%29,3-10       43%29,4-11       43%29,5-12       43%29,6-13       43%[]29,7-14       43%[]29,8-15       43%29,9-16       43%29,10-17      43%29,11-18      43%29,12-19      43%29,13-20      43%29,14-21      43%29,15-22      43%29,16-23      43%29,17-24      43%29,18-25      43%29,19-26      43%29,20-27      43%29,21-28      43%29,22-29      43%29,23-30      43%29,24-31      43%29,25-32      43%29,26-33      43%[]29,27-34      43%[]29,26-33      43%[]29,27-34      43%-- INSERT --29,27-34      43%29,28-35      43%[]6fname7midinit8deptno30,1          41%[]tput cup 6 18; read fname7midinit8deptno9jobtitle29,28-35      43%29,27-34      43%[]30,26-33      43%30,25-32      43%29,25-32      43%29,24-31      43%29,23-30      43%29,22-29      43%29,21-28      43%29,20-27      43%29,19-26      43%29,18-25      43%29,17-24      43%29,16-23      43%29,15-22      43%29,14-21      43%29,13-20      43%29,12-19      43%29,11-18      43%29,10-17      43%29,9-16       43%29,8-15       43%[]29,7-14       43%[]29,6-13       43%29,5-12       43%29,4-11       43%29,3-10       43%29,2-9        43%29,1-8        43%28,1-8        43%29,1-8        43%30,1-8        43%29,1-8        43%15 more linesif test "$phonenum" = "q"hen        clear; exitfi30,2-9        26%15 more lines30,2-9        26%31,2-9        26%32,2-16       26%33,2-9        26%
 34 tput cup 5 18; read lname34,2-9        28%
 35 while test "$lname" = "-"35,2-9        31%
 36 do36,2-9        34%
 37 tput cup 4 18 ; echo "          "37,2-16       36%
 38 tput cup 4 18 ; read phonenum38,2-16       39%
 39 if test "$phonenum" = "q"39,2-16       42%
 40 then40,2-16       44%
 41 clear ; exit41,2-16       47%
 42 fi42,2-16       50%
 43 tput cup 5 18 ; read lname43,2-16       52%
 44 done44,2-9        55%
 45 tput cup 6 18; read fname45,2-9        57%
 46 tput cup 7 18; read midinit46,2-9        60%
 47 tput cup 8 18; read deptno47,2-9        63%
 48 tput cup 9 18; read jobtitle48,2-9        65%47,2-9        65%46,2-9        65%45,2-9        65%44,2-9        65%43,2-16       65%42,2-16       65%41,2-16       65%40,2-16       65%39,2-16       65%38,2-16       65%37,2-16       65%36,2-9        65%35,2-9        65%34,2-9        65%:3:35:35,:35,4:35,44:35,44d:35,44d10 fewer linestput cup 6 18; read fnametput cup 7 18; read midinittput cup 8 18; read deptnotput cup 9 18; read jobtitletput cup 10 18; read datehired# Check to see if last name is not a blank before you# write to diskif [ "$lname" > "       " ]then        echo "$phonenum:$lname:$fname:$midinit:$deptno:$jobtitle:$$   datehired" >> $phonefile5fi612 33; read looptest7if [ "$looptest" = "q" ]35,2-9        86%10 fewer lines35,2-9        86%10 more lineswhile test "$lname" = "-"do        tput cup 4 18 ; echo "          "        tput cup 4 18 ; read phonenum        if test "$phonenum" = "q"        then                clear ; exit        fitput cup 5 18 ; read lname45        done6tput cup 7 18; read midinit78 18; read deptno8tput cup 9 18; read jobtitle36,2-9        65%10 more lines36,2-9        65%37,2-9        65%38,2-16       65%39,2-16       65%40,2-16       65%41,2-16       65%42,2-16       65%43,2-16       65%44,2-16       65%45,2-9        65%46,2-9        65%47,2-9        65%46,2-9        65%45,2-9        65%44,2-16       65%43,2-16       65%42,2-16       65%41,2-16       65%40,2-16       65%39,2-16       65%38,2-16       65%37,2-9        65%36,2-9        65%35,2-9        65%34,2-9        65%33,2-9        65%32,2-16       65%31,2-9        65%30,2-9        65%31,2-9        65%32,2-16       65%33,2-9        65%34,2-9        65%10 more lineswhile test "$lname" = "-"do        tput cup 4 18 ; echo "          "read phonenumif test "$phonenum" = "q"then        clear ; exitfitput cup 5 18 ; read lnamedonetput cup 6 18; read fnamewhile test "$lname" = "-"do        tput cup 4 18 ; echo "          "35,2-9        52%10 more lines35,2-9        52%36,2-9        52%37,2-16       52%38,2-16       52%39,2-16       52%40,2-16       52%41,2-16       52%42,2-16       52%43,2-16       52%44,2-9        52%45,2-9        52%46,2-9        52%47,2-9        52%48,2-16       52%
 49 tput cup 4 18 ; read phonenum49,2-16       54%
 50 if test "$phonenum" = "q"50,2-16       56%
 51 then51,2-16       58%
 52 clear ; exit52,2-16       60%
 53 fi53,2-16       62%
 54 tput cup 5 18 ; read lname54,2-16       64%
 55 done55,2-9        66%
 56 tput cup 7 18; read midinit56,2-9        68%
 57 tput cup 8 18; read deptno57,2-9        70%
 58 tput cup 9 18; read jobtitle58,2-9        72%
 59 tput cup 10 18; read datehired59,2-9        75%
 60 # Check to see if last name is not a blank before you60,2-9        77%
 61 # write to disk61,2-9        79%
 62 if [ "$lname" > "       " ]62,2-9        81%
 63 then63,2-9        83%62,2-9        83%61,2-9        83%60,2-9        83%59,2-9        83%58,2-9        83%57,2-9        83%56,2-9        83%10 more lineswhile test "$lname" = "-"do        tput cup 4 18 ; echo "          "        tput cup 4 18 ; read phonenum        if test "$phonenum" = "q"        then    clear ; exit57,2-9        68%10 more lines57,2-9        68%58,2-9        68%59,2-16       68%60,2-16       68%61,2-16       68%62,2-16       68%63,2-16       68%
 64 fi64,2-16       70%
 65 tput cup 5 18 ; read lname65,2-16       72%
 66 done66,2-9        74%
 67 tput cup 8 18; read deptno67,2-9        75%
 68 tput cup 9 18; read jobtitle68,2-9        77%
 69 tput cup 10 18; read datehired69,2-9        79%
 70 # Check to see if last name is not a blank before you70,2-9        81%
 71 # write to disk71,2-9        82%
 72 if [ "$lname" > "       " ]72,2-9        84%
 73 then73,2-9        86% 74 echo "$phonenum:$lname:$fname:$midinit:$deptno:$jobtitle:$$    datehired" >> $phonefile74,2-16       88%
 75 fi75,2-9        89%
 76 tput cup 12 33; read looptest76,2-9        91%
 77 if [ "$looptest" = "q" ]77,2-9        93%
 78 then78,2-9        94%
 79 clear; exit79,2-16       96%78,2-9        96%77,2-9        96%76,2-9        96%75,2-9        96%74,2-16       96%73,2-9        96%72,2-9        96%71,2-9        96%70,2-9        96%69,2-9        96%68,2-9        96%67,2-9        96%10 more lineswhile test "$lname" = "-"do        tput cup 4 18 ; echo "          "        tput cup 4 18 ; read phonenum        if test$phonenum" = "q"        then        clear ; exit75                fi6        tput cup 5 18 ; read lname7done8tput cup 9 18; read jobtitle9put cup 10 18; read datehired80# Check to see if last name is not a blank before you68,2-9        83%10 more lines68,2-9        83%69,2-9        83%70,2-16       83%71,2-16       83%72,2-16       83%73,2-16       83%74,2-16       83%75,2-16       83%76,2-16       83%77,2-9        83%78,2-9        83%79,2-9        83%78,2-9        83%


10 more lineswhile test "$lname" = "-"do79,2-9        73%10 more lines79,2-9        73%80,2-9        73%
 81 tput cup 4 18 ; echo "          "81,2-16       74%
 82 tput cup 4 18 ; read phonenum82,2-16       75%
 83 if test "$phonenum" = "q"83,2-16       76%
 84 then84,2-16       78%
 85 clear ; exit85,2-16       79%
 86 fi86,2-16       80%
 87 tput cup 5 18 ; read lname87,2-16       82%
 88 done88,2-9        83%
 89 tput cup 10 18; read datehired89,2-9        84%
 90 # Check to see if last name is not a blank before you90,2-9        85%
 91 # write to disk91,2-9        87%
 92 if [ "$lname" > "       " ]92,2-9        88%91,2-9        88%90,2-9        88%89,2-9        88%10 more lineswhile test "$lname" = "-"do        tput cup 4 18 ; echo "          "90,2-9        78%10 more lines90,2-9        78%91,2-9        78%92,2-16       78%
 93 tput cup 4 18 ; read phonenum93,2-16       79%
 94 if test "$phonenum" = "q"94,2-16       80%
 95 then95,2-16       81%
 96 clear ; exit96,2-16       82%
 97 fi97,2-16       84%
 98 tput cup 5 18 ; read lname98,2-16       85%
 99 done99,2-9        86%
100 # Check to see if last name is not a blank before you100,2-9       87%
101 # write to disk101,2-9       88%
102 if [ "$lname" > "       " ]102,2-9       89%
103 then103,2-9       90%104 echo "$phonenum:$lname:$fname:$midinit:$deptno:$jobtitle:$$    datehired" >> $phonefile104,2-16      92%
105 fi105,2-9       93%
106 tput cup 12 33; read looptest106,2-9       94%
107 if [ "$looptest" = "q" ]107,2-9       95%
108 then108,2-9       96%
109 clear; exit109,2-16      97%
110 fi110,2-9       98%
111 done111,4         Bot110,2-9       Bot109,2-16      Bot108,2-9       Bot107,2-9       Bot106,2-9       Bot105,2-9       Bot104,2-16      Bot103,2-9       Bot102,2-9       Bot101,2-9       Bot100,2-9       Bot99,2-9        Bot98,2-16       Bot99,2-9        Bot100,2-9       Bot101,2-9       Bot100,2-9       Bot99,2-9        Bot98,2-16       Bot97,2-16       Bot96,2-16       Bot95,2-16       Bot94,2-16       Bot93,2-16       Bot92,2-16       Bot91,2-9        Bot90,2-9        Bot 89 tput cup 10 18; read datehired89,2-9        98% 88 done88,2-9        97% 87 tput cup 5 18 ; read lname87,2-16       96% 86 fi86,2-16       95% 85 clear ; exit85,2-16       94% 84 then84,2-16       93% 83 if test "$phonenum" = "q"83,2-16       92% 82 tput cup 4 18 ; read phonenum@                                                                             82,2-16       91% 81 tput cup 4 18 ; echo "          "81,2-16       90% 80 do80,2-9        89% 79 while test "$lname" = "-"79,2-9        88% 78 tput cup 9 18; read jobtitle78,2-9        87% 77 done77,2-9        86% 76 tput cup 5 18 ; read lname76,2-16       85% 75 fi75,2-16       84% 74 clear ; exit74,2-16       82% 73 then73,2-16       81% 72 if test "$phonenum" = "q"72,2-16       80% 71 tput cup 4 18 ; read phonenum71,2-16       79% 70 tput cup 4 18 ; echo "          "70,2-16       78% 69 do69,2-9        77% 68 while test "$lname" = "-"68,2-9        76% 67 tput cup 8 18; read deptno67,2-9        75% 66 done66,2-9        73% 65 tput cup 5 18 ; read lname65,2-16       72% 64 fi64,2-16       71% 63 clear ; exit63,2-16       70% 62 then62,2-16       69% 61 if test "$phonenum" = "q"61,2-16       68% 60 tput cup 4 18 ; read phonenum60,2-16       67% 59 tput cup 4 18 ; echo "          "59,2-16       65% 58 do58,2-9        64% 57 while test "$lname" = "-"57,2-9        63% 56 tput cup 7 18; read midinit56,2-9        62% 55 done55,2-9        61% 54 tput cup 5 18 ; read lname54,2-16       60% 53 fi53,2-16       59% 52 clear ; exit52,2-16       57% 51 then51,2-16       56% 50 if test "$phonenum" = "q"50,2-16       55% 49 tput cup 4 18 ; read phonenum49,2-16       54% 48 tput cup 4 18 ; echo "          "48,2-16       53% 47 do47,2-9        52% 46 while test "$lname" = "-"46,2-9        51% 45 tput cup 6 18; read fname45,2-9        50% 44 done44,2-9        48% 43 tput cup 5 18 ; read lname43,2-16       47% 42 fi42,2-16       46% 41 clear ; exit41,2-16       45% 40 then40,2-16       44% 39 if test "$phonenum" = "q"39,2-16       43% 38 tput cup 4 18 ; read phonenum38,2-16       42% 37 tput cup 4 18 ; echo "          "37,2-16       40% 36 do36,2-9        39% 35 while test "$lname" = "-"35,2-9        38% 34 tput cup 5 18; read lname34,2-9        37% 33 fi33,2-9        36% 32 clear; exit32,2-16       35% 31 then31,2-9        34% 30 if test "$phonenum" = "q"30,2-9        32% 29 # if [ "$phonenum" = "q" ]29,2-9        31% 28 tput cup 4 18; read phonenum28,2-9        30% 27 tput cup 12 4; echo "Add Another? (y)es or (q)uit: "27,2-9        29% 26 tput cup 10 4; echo "Date Hired  : "26,2-9        28% 25 tput cup 9 4; echo "Job Title   : "25,2-9        27% 24 tput cup 8 4; echo "Dept #      : "24,2-9        26% 23 tput cup 7 4; echo "Middle Init : "23,2-9        25%24,2-9        25%25,2-9        25%26,2-9        25%27,2-9        25%28,2-9        25%29,2-9        25%30,2-9        25%31,2-9        25%32,2-16       25%33,2-9        25%34,2-9        25%35,2-9        25%36,2-9        25%37,2-16       25%38,2-16       25%39,2-16       25%40,2-16       25%41,2-16       25%42,2-16       25%43,2-16       25%44,2-9        25%45,2-9        25%
 46 while test "$lname" = "-"46,2-9        26%
 47 do47,2-9        27%
 48 tput cup 4 18 ; echo "          "48,2-16       28%
 49 tput cup 4 18 ; read phonenum49,2-16       29%
 50 if test "$phonenum" = "q"50,2-16       30%
 51 then51,2-16       31%
 52 clear ; exit52,2-16       32%
 53 fi53,2-16       34%
 54 tput cup 5 18 ; read lname54,2-16       35%
 55 done55,2-9        36%
 56 tput cup 7 18; read midinit56,2-9        37%
 57 while test "$lname" = "-"57,2-9        38%
 58 do58,2-9        39%
 59 tput cup 4 18 ; echo "          "59,2-16       40%
 60 tput cup 4 18 ; read phonenum60,2-16       42%
 61 if test "$phonenum" = "q"61,2-16       43%
 62 then62,2-16       44%
 63 clear ; exit63,2-16       45%
 64 fi64,2-16       46%
 65 tput cup 5 18 ; read lname65,2-16       47%
 66 done66,2-9        48%
 67 tput cup 8 18; read deptno67,2-9        50%
 68 while test "$lname" = "-"68,2-9        51%
 69 do69,2-9        52%
 70 tput cup 4 18 ; echo "          "70,2-16       53%
 71 tput cup 4 18 ; read phonenum71,2-16       54%
 72 if test "$phonenum" = "q"72,2-16       55%
 73 then73,2-16       56%
 74 clear ; exit74,2-16       57%
 75 fi75,2-16       59%
 76 tput cup 5 18 ; read lname76,2-16       60%
 77 done77,2-9        61%
 78 tput cup 9 18; read jobtitle78,2-9        62%
 79 while test "$lname" = "-"79,2-9        63%
 80 do80,2-9        64%
 81 tput cup 4 18 ; echo "          "81,2-16       65%
 82 tput cup 4 18 ; read phonenum82,2-16       67%
 83 if test "$phonenum" = "q"83,2-16       68%
 84 then84,2-16       69%
 85 clear ; exit85,2-16       70%
 86 fi86,2-16       71%
 87 tput cup 5 18 ; read lname87,2-16       72%
 88 done88,2-9        73%
 89 tput cup 10 18; read datehired89,2-9        75%
 90 while test "$lname" = "-"90,2-9        76%
 91 do91,2-9        77%
 92 tput cup 4 18 ; echo "          "92,2-16       78%
 93 tput cup 4 18 ; read phonenum93,2-16       79%
 94 if test "$phonenum" = "q"94,2-16       80%
 95 then95,2-16       81%
 96 clear ; exit96,2-16       82%
 97 fi97,2-16       84%
 98 tput cup 5 18 ; read lname98,2-16       85%
 99 done99,2-9        86%
100 # Check to see if last name is not a blank before you100,2-9       87%
101 # write to disk101,2-9       88%
102 if [ "$lname" > "       " ]102,2-9       89%
103 then103,2-9       90%104 echo "$phonenum:$lname:$fname:$midinit:$deptno:$jobtitle:$$    datehired" >> $phonefile104,2-16      92%
105 fi105,2-9       93%
106 tput cup 12 33; read looptest106,2-9       94%
107 if [ "$looptest" = "q" ]107,2-9       95%
108 then108,2-9       96%107,2-9       96%106,2-9       96%105,2-9       96%104,2-16      96%103,2-9       96%102,2-9       96%101,2-9       96%100,2-9       96%99,2-9        96%98,2-16       96%97,2-16       96%96,2-16       96%95,2-16       96%94,2-16       96%93,2-16       96%92,2-16       96%91,2-9        96%90,2-9        96%89,2-9        96%88,2-9        96%87,2-16       96% 86 fi86,2-16       95% 85 clear ; exit85,2-16       94% 84 then84,2-16       93% 83 if test "$phonenum" = "q"83,2-16       92% 82 tput cup 4 18 ; read phonenum@                                                                             82,2-16       91% 81 tput cup 4 18 ; echo "          "81,2-16       90% 80 do80,2-9        89% 79 while test "$lname" = "-"79,2-9        88% 78 tput cup 9 18; read jobtitle78,2-9        87% 77 done77,2-9        86% 76 tput cup 5 18 ; read lname76,2-16       85% 75 fi75,2-16       84% 74 clear ; exit74,2-16       82% 73 then73,2-16       81% 72 if test "$phonenum" = "q"72,2-16       80% 71 tput cup 4 18 ; read phonenum71,2-16       79% 70 tput cup 4 18 ; echo "          "70,2-16       78% 69 do69,2-9        77% 68 while test "$lname" = "-"68,2-9        76% 67 tput cup 8 18; read deptno67,2-9        75% 66 done66,2-9        73% 65 tput cup 5 18 ; read lname65,2-16       72% 64 fi64,2-16       71% 63 clear ; exit63,2-16       70% 62 then62,2-16       69% 61 if test "$phonenum" = "q"61,2-16       68% 60 tput cup 4 18 ; read phonenum60,2-16       67% 59 tput cup 4 18 ; echo "          "59,2-16       65% 58 do58,2-9        64% 57 while test "$lname" = "-"57,2-9        63% 56 tput cup 7 18; read midinit56,2-9        62% 55 done55,2-9        61% 54 tput cup 5 18 ; read lname54,2-16       60% 53 fi53,2-16       59% 52 clear ; exit52,2-16       57% 51 then51,2-16       56% 50 if test "$phonenum" = "q"50,2-16       55% 49 tput cup 4 18 ; read phonenum49,2-16       54% 48 tput cup 4 18 ; echo "          "48,2-16       53% 47 do47,2-9        52% 46 while test "$lname" = "-"46,2-9        51% 45 tput cup 6 18; read fname45,2-9        50% 44 done44,2-9        48% 43 tput cup 5 18 ; read lname43,2-16       47% 42 fi42,2-16       46% 41 clear ; exit41,2-16       45% 40 then40,2-16       44% 39 if test "$phonenum" = "q"39,2-16       43% 38 tput cup 4 18 ; read phonenum38,2-16       42% 37 tput cup 4 18 ; echo "          "37,2-16       40% 36 do36,2-9        39% 35 while test "$lname" = "-"35,2-9        38% 34 tput cup 5 18; read lname34,2-9        37% 33 fi33,2-9        36% 32 clear; exit32,2-16       35% 31 then31,2-9        34% 30 if test "$phonenum" = "q"30,2-9        32% 29 # if [ "$phonenum" = "q" ]29,2-9        31% 28 tput cup 4 18; read phonenum28,2-9        30% 27 tput cup 12 4; echo "Add Another? (y)es or (q)uit: "27,2-9        29% 26 tput cup 10 4; echo "Date Hired  : "26,2-9        28% 25 tput cup 9 4; echo "Job Title   : "25,2-9        27% 24 tput cup 8 4; echo "Dept #      : "24,2-9        26% 23 tput cup 7 4; echo "Middle Init : "23,2-9        25% 22 tput cup 6 4; echo "First Name  : "22,2-9        23% 21 tput cup 5 4; echo "Last Name   : "21,2-9        22% 20 tput cup 4 4; echo "Phone Number: "20,2-9        21%21,2-9        21%22,2-9        21%23,2-9        21%24,2-9        21%25,2-9        21%26,2-9        21%27,2-9        21%28,2-9        21%29,2-9        21%30,2-9        21%31,2-9        21%32,2-16       21%33,2-9        21%34,2-9        21%35,2-9        21%36,2-9        21%37,2-16       21%38,2-16       21%39,2-16       21%40,2-16       21%41,2-16       21%42,2-16       21%
 43 tput cup 5 18 ; read lname43,2-16       22%
 44 done44,2-9        23%
 45 tput cup 6 18; read fname45,2-9        25%
 46 while test "$lname" = "-"46,2-9        26%
 47 do47,2-9        27%
 48 tput cup 4 18 ; echo "          "48,2-16       28%
 49 tput cup 4 18 ; read phonenum49,2-16       29%
 50 if test "$phonenum" = "q"50,2-16       30%
 51 then51,2-16       31%
 52 clear ; exit52,2-16       32%
 53 fi53,2-16       34%
 54 tput cup 5 18 ; read lname54,2-16       35%
 55 done55,2-9        36%
 56 tput cup 7 18; read midinit56,2-9        37%
 57 while test "$lname" = "-"57,2-9        38%
 58 do58,2-9        39%57,2-9        39%56,2-9        39%55,2-9        39%54,2-16       39%53,2-16       39%52,2-16       39%51,2-16       39%50,2-16       39%49,2-16       39%48,2-16       39%47,2-9        39%46,2-9        39%-- INSERT --46,2-9        39%46,3-10       39%46,4-11       39%46,5-12       39%46,6-13       39%46,7-14       39%46,8-15       39%46,9-16       39%46,10-17      39%46,11-18      39%46,12-19      39%46,13-20      39%46,14-21      39%46,15-22      39%46,16-23      39%46,17-24      39%46,16-23      39%name" = "-"46,15-22      39%fname" = "-"46,16-23      39%47,4-11       39%48,9-23       39%49,9-23       39%49,10-24      39%49,11-25      39%49,12-26      39%49,13-27      39%49,14-28      39%49,15-29      39%49,16-30      39%49,17-31      39%49,18-32      39%49,19-33      39%49,20-34      39%49,21-35      39%49,22-36      39%49,23-37      39%49,24-38      39%49,25-39      39%49,26-40      39%49,27-41      39%49,28-42      39%49,29-43      39%49,31-45      39%49,32-46      39%49,31-45      39%49,30-44      39%49,29-43      39%49,28-42      39%49,27-41      39%49,26-40      39%49,25-39      39%49,24-38      39%l49,25-39      39%n49,26-40      39%a49,27-41      39%m49,28-42      39%e49,29-43      39%50,28-42      39%50,27-41      39%50,26-40      39%50,25-39      39%50,24-38      39%50,23-37      39%50,22-36      39%50,21-35      39%50,20-34      39%50,21-35      39%" = "q"50,20-34      39%" = "q"50,19-33      39%" = "q"50,18-32      39%" = "q"50,17-31      39%" = "q"50,16-30      39%" = "q"50,15-29      39%" = "q"50,14-28      39%" = "q"50,13-27      39%l" = "q"50,14-28      39%n" = "q"50,15-29      39%a" = "q"50,16-30      39%m" = "q"50,17-31      39%e" = "q"50,18-32      39%51,7-21       39%52,11-32      39%53,5-19       39%54,18-32      39%54,19-33      39%54,20-34      39%54,21-35      39%54,22-36      39%54,23-37      39%54,24-38      39%54,25-39      39%name54,24-38      39%fname54,25-39      39%55,6-13       39%56,29-36      39%57,27-34      39%57,26-33      39%57,25-32      39%57,24-31      39%57,23-30      39%57,22-29      39%57,21-28      39%57,20-27      39%57,19-26      39%57,20-27      39%" = "-"57,19-26      39%" = "-"57,18-25      39%" = "-"57,17-24      39%" = "-"57,16-23      39%" = "-"57,15-22      39%m" = "-"57,16-23      39%i" = "-"57,17-24      39%d" = "-"57,18-25      39%i" = "-"57,19-26      39%n" = "-"57,20-27      39%i" = "-"57,21-28      39%t" = "-"57,22-29      39%58,4-11       39%
 59 tput cup 4 18 ; echo "          "
-- INSERT --59,15-29      40%
 60 tput cup 4 18 ; read phonenum
-- INSERT --60,15-29      42%59,15-29      42%60,15-29      42%60,16-30      42%60,17-31      42%60,18-32      42%60,19-33      42%60,20-34      42%60,21-35      42%60,22-36      42%60,23-37      42%60,24-38      42%60,25-39      42%60,26-40      42%60,27-41      42%60,28-42      42%60,29-43      42%60,30-44      42%60,31-45      42%60,32-46      42%60,31-45      42%60,30-44      42%60,29-43      42%60,28-42      42%60,27-41      42%60,26-40      42%60,25-39      42%60,24-38      42%f60,25-39      42%n60,26-40      42%a60,27-41      42%m60,28-42      42%e60,29-43      42%
 61 if test "$phonenum" = "q"
-- INSERT --61,28-42      43%
 62 then
-- INSERT --62,7-21       44%
 63 clear ; exit
-- INSERT --63,16-37      45%62,7-21       45%61,28-42      45%61,27-41      45%61,26-40      45%61,25-39      45%61,24-38      45%61,23-37      45%61,22-36      45%61,21-35      45%" = "q"61,20-34      45%" = "q"61,19-33      45%" = "q"61,18-32      45%" = "q"61,17-31      45%" = "q"61,16-30      45%" = "q"61,15-29      45%" = "q"61,14-28      45%" = "q"61,13-27      45%f" = "q"61,14-28      45%n" = "q"61,15-29      45%a" = "q"61,16-30      45%m" = "q"61,17-31      45%e" = "q"61,18-32      45%62,7-21       45%63,11-32      45%
 64 fi
-- INSERT --64,5-19       46%
 65 tput cup 5 18 ; read lname
-- INSERT --65,18-32      47%
 66 done
-- INSERT --66,6-13       48%
 67 tput cup 8 18; read deptno
-- INSERT --67,25-32      50%66,6-13       50%65,18-32      50%65,19-33      50%65,20-34      50%65,21-35      50%65,22-36      50%65,23-37      50%65,24-38      50%65,25-39      50%65,26-40      50%65,27-41      50%65,28-42      50%65,29-43      50%65,28-42      50%65,27-41      50%65,26-40      50%65,25-39      50%65,24-38      50%m65,25-39      50%i65,26-40      50%d65,27-41      50%i65,28-42      50%n65,29-43      50%i65,30-44      50%t65,31-45      50%66,6-13       50%67,28-35      50%
 68 while test "$lname" = "-"
-- INSERT --68,27-34      51%68,26-33      51%68,25-32      51%68,24-31      51%68,23-30      51%68,22-29      51%68,21-28      51%68,20-27      51%68,19-26      51%68,18-25      51%68,19-26      51%68,20-27      51%" = "-"68,19-26      51%" = "-"68,18-25      51%" = "-"68,17-24      51%" = "-"68,16-23      51%" = "-"68,15-22      51%d" = "-"68,16-23      51%e" = "-"68,17-24      51%p" = "-"68,18-25      51%t" = "-"68,19-26      51%n" = "-"68,20-27      51%o" = "-"68,21-28      51%
 69 do
-- INSERT --69,4-11       52%
 70 tput cup 4 18 ; echo "          "
-- INSERT --70,14-28      53%
 71 tput cup 4 18 ; read phonenum
-- INSERT --71,14-28      54%
 72 if test "$phonenum" = "q"
-- INSERT --72,14-28      55%71,14-28      55%71,15-29      55%71,16-30      55%71,17-31      55%71,18-32      55%71,19-33      55%71,20-34      55%71,21-35      55%71,22-36      55%71,23-37      55%71,24-38      55%71,25-39      55%71,26-40      55%71,27-41      55%71,28-42      55%71,29-43      55%71,30-44      55%71,31-45      55%71,32-46      55%71,31-45      55%71,30-44      55%71,29-43      55%71,28-42      55%71,27-41      55%71,26-40      55%71,25-39      55%71,24-38      55%m71,25-39      55%i71,26-40      55%d71,27-41      55%i71,28-42      55%n71,29-43      55%i71,30-44      55%t71,31-45      55%72,28-42      55%72,27-41      55%72,26-40      55%72,25-39      55%72,24-38      55%72,23-37      55%72,22-36      55%72,21-35      55%72,20-34      55%72,21-35      55%" = "q"72,20-34      55%" = "q"72,19-33      55%" = "q"72,18-32      55%" = "q"72,17-31      55%" = "q"72,16-30      55%" = "q"72,15-29      55%" = "q"72,14-28      55%" = "q"72,13-27      55%m" = "q"72,14-28      55%i" = "q"72,15-29      55%d" = "q"72,16-30      55%i" = "q"72,17-31      55%n" = "q"72,18-32      55%i" = "q"72,19-33      55%t" = "q"72,20-34      55%
 73 then
-- INSERT --73,7-21       56%
 74 clear ; exit
-- INSERT --74,13-34      57%
 75 fi
-- INSERT --75,5-19       59%
 76 tput cup 5 18 ; read lname
-- INSERT --76,20-34      60%
 77 done
-- INSERT --77,6-13       61%76,20-34      61%75,5-19       61%74,13-34      61%73,7-21       61%72,20-34      61%71,20-34      61%70,20-34      61%69,4-11       61%68,27-34      61%67,27-34      61%66,6-13       61%65,20-34      61%64,5-19       61%63,13-34      61%62,7-21       61%61,20-34      61%60,20-34      61%59,20-34      61%58,4-11       61%57,27-34      61%56,27-34      61%55,6-13       61% 54 tput cup 5 18 ; read fname-- INSERT --54,20-34      60% 53 fi-- INSERT --53,5-19       59% 52 clear ; exit-- INSERT --52,13-34      57% 51 then-- INSERT --51,7-21       56% 50 if test "$lname" = "q"-- INSERT --50,20-34      55% 49 tput cup 4 18 ; read lname-- INSERT --49,20-34      54% 48 tput cup 4 18 ; echo "          "-- INSERT --48,20-34      53% 47 do-- INSERT --47,4-11       52% 46 while test "$fname" = "-"-- INSERT --46,27-34      51% 45 tput cup 6 18; read fname-- INSERT --45,27-34      50% 44 done-- INSERT --44,6-13       48% 43 tput cup 5 18 ; read lname-- INSERT --43,20-34      47% 42 fi-- INSERT --42,5-19       46% 41 clear ; exit-- INSERT --41,13-34      45% 40 then-- INSERT --40,7-21       44%41,13-34      44%42,5-19       44%43,20-34      44%44,6-13       44%45,27-34      44%44,6-13       44%43,20-34      44%42,5-19       44%41,13-34      44%40,7-21       44% 39 if test "$phonenum" = "q"-- INSERT --39,20-34      43% 38 tput cup 4 18 ; read phonenum-- INSERT --38,20-34      42% 37 tput cup 4 18 ; echo "          "-- INSERT --37,20-34      40% 36 do-- INSERT --36,4-11       39% 35 while test "$lname" = "-"-- INSERT --35,27-34      38% 34 tput cup 5 18; read lname-- INSERT --34,27-34      37%35,27-34      37%36,4-11       37%37,20-34      37%38,20-34      37%39,20-34      37%40,7-21       37%41,13-34      37%42,5-19       37%43,20-34      37%44,6-13       37%45,27-34      37%46,27-34      37%47,4-11       37%48,20-34      37%48,19-33      37%48,18-32      37%48,17-31      37%48,16-30      37%48,15-29      37%48,14-28      37%48,13-27      37% 18 ; echo " 48,12-26      37%5 18 ; echo "48,13-27      37%49,13-27      37% 18 ; read lname49,12-26      37%5 18 ; read lname49,13-27      37%50,13-27      37%51,7-21       37%52,6-27       37%53,5-19       37%54,13-27      37% 18 ; read fname54,12-26      37%6 18 ; read fname54,13-27      37%55,6-13       37%56,20-27      37%
 57 while test "$midinit" = "-"
-- INSERT --57,20-27      38%
 58 do
-- INSERT --58,4-11       39%
 59 tput cup 4 18 ; echo "          "
-- INSERT --59,13-27      40% 18 ; echo " 59,12-26      40%6 18 ; echo "59,13-27      40%
 60 tput cup 4 18 ; read fname
-- INSERT --60,13-27      42%
 61 if test "$fname" = "q"
-- INSERT --61,13-27      43%60,13-27      43% 18 ; read fname60,12-26      43%61,12-26      43%6$fname" = "q"61,13-27      43%$fname" = "q"61,12-26      43%60,12-26      43%61,12-26      43%60,12-26      43%6 18 ; read fname60,13-27      43%61,13-27      43%
 62 then
-- INSERT --62,7-21       44%
 63 clear ; exit
-- INSERT --63,6-27       45%
 64 fi
-- INSERT --64,5-19       46%
 65 tput cup 5 18 ; read midinit
-- INSERT --65,13-27      47%
 66 done
-- INSERT --66,6-13       48%65,13-27      48% 18 ; read midinit65,12-26      48%7 18 ; read midinit65,13-27      48%66,6-13       48%
 67 tput cup 8 18; read deptno
-- INSERT --67,20-27      50%
 68 while test "$deptno" = "-"
-- INSERT --68,20-27      51%
 69 do
-- INSERT --69,4-11       52%
 70 tput cup 4 18 ; echo "          "
-- INSERT --70,13-27      53%69,4-11       53%70,13-27      53% 18 ; echo " 70,12-26      53%8 18 ; echo "70,13-27      53% 18 ; echo " 70,12-26      53%7 18 ; echo "70,13-27      53%
 71 tput cup 4 18 ; read midinit
-- INSERT --71,13-27      54%71,14-28      54%71,13-27      54% 18 ; read midinit71,12-26      54%7 18 ; read midinit71,13-27      54%
 72 if test "$midinit" = "q"
-- INSERT --72,13-27      55%
 73 then
-- INSERT --73,7-21       56%
 74 clear ; exit
-- INSERT --74,6-27       57%
 75 fi
-- INSERT --75,5-19       59%
 76 tput cup 5 18 ; read lname
-- INSERT --76,13-27      60%
 77 done
-- INSERT --77,6-13       61%76,13-27      61% 18 ; read lname76,12-26      61%8 18 ; read lname76,13-27      61%76,14-28      61%76,15-29      61%76,16-30      61%76,17-31      61%76,18-32      61%76,19-33      61%76,20-34      61%76,21-35      61%76,22-36      61%76,23-37      61%76,24-38      61%76,25-39      61%76,26-40      61%76,27-41      61%76,28-42      61%76,29-43      61%76,28-42      61%76,27-41      61%76,26-40      61%76,25-39      61%76,24-38      61%d76,25-39      61%e76,26-40      61%p76,27-41      61%t76,28-42      61%n76,29-43      61%o76,30-44      61%77,6-13       61%
 78 tput cup 9 18; read jobtitle
-- INSERT --78,30-37      62%
 79 while test "$lname" = "-"
-- INSERT --79,27-34      63%
 80 do
-- INSERT --80,4-11       64%
 81 tput cup 4 18 ; echo "          "
-- INSERT --81,26-41      65%80,4-11       65%79,27-34      65%79,26-33      65%79,25-32      65%79,24-31      65%79,23-30      65%79,22-29      65%79,21-28      65%79,20-27      65%" = "-"79,19-26      65%" = "-"79,18-25      65%" = "-"79,17-24      65%" = "-"79,16-23      65%" = "-"79,15-22      65%j" = "-"79,16-23      65%o" = "-"79,17-24      65%b" = "-"79,18-25      65%t" = "-"79,19-26      65%i" = "-"79,20-27      65%t" = "-"79,21-28      65%l" = "-"79,22-29      65%e" = "-"79,23-30      65%80,4-11       65%81,16-30      65%81,15-29      65%81,14-28      65%81,13-27      65% 18 ; echo " 81,12-26      65%8 18 ; echo "81,13-27      65%
 82 tput cup 4 18 ; read phonenum
-- INSERT --82,13-27      67%
 83 if test "$phonenum" = "q"
-- INSERT --83,13-27      68%82,13-27      68% 18 ; read phonenum82,12-26      68%8 18 ; read phonenum82,13-27      68%82,14-28      68%82,15-29      68%82,16-30      68%82,17-31      68%82,18-32      68%82,19-33      68%82,20-34      68%82,21-35      68%82,22-36      68%82,23-37      68%82,24-38      68%82,25-39      68%82,26-40      68%82,27-41      68%82,28-42      68%82,29-43      68%82,30-44      68%82,31-45      68%82,32-46      68%82,31-45      68%82,32-46      68%82,31-45      68%82,30-44      68%82,29-43      68%82,28-42      68%82,27-41      68%82,26-40      68%82,25-39      68%82,24-38      68%d82,25-39      68%e82,26-40      68%p82,27-41      68%t82,28-42      68%n82,29-43      68%o82,30-44      68%83,28-42      68%83,27-41      68%83,26-40      68%83,25-39      68%83,24-38      68%83,23-37      68%83,22-36      68%83,21-35      68%" = "q"83,20-34      68%" = "q"83,19-33      68%" = "q"83,18-32      68%" = "q"83,17-31      68%" = "q"83,16-30      68%" = "q"83,15-29      68%" = "q"83,14-28      68%" = "q"83,13-27      68%d" = "q"83,14-28      68%e" = "q"83,15-29      68%p" = "q"83,16-30      68%t" = "q"83,17-31      68%n" = "q"83,18-32      68%o" = "q"83,19-33      68%
 84 then
-- INSERT --84,7-21       69%
 85 clear ; exit
-- INSERT --85,12-33      70%
 86 fi
-- INSERT --86,5-19       71%
 87 tput cup 5 18 ; read lname
-- INSERT --87,19-33      72%
 88 done
-- INSERT --88,6-13       73%87,19-33      73%87,18-32      73%87,17-31      73%87,16-30      73%87,15-29      73%87,14-28      73%87,13-27      73% 18 ; read lname87,12-26      73%9 18 ; read lname87,13-27      73%87,14-28      73%87,15-29      73%87,16-30      73%87,17-31      73%87,18-32      73%87,19-33      73%87,20-34      73%87,21-35      73%87,22-36      73%87,23-37      73%87,24-38      73%87,25-39      73%87,26-40      73%87,27-41      73%87,28-42      73%87,29-43      73%87,28-42      73%87,27-41      73%87,26-40      73%87,25-39      73%87,24-38      73%87,23-37      73%j87,24-38      73%o87,25-39      73%b87,26-40      73%87,25-39      73%87,24-38      73%87,23-37      73%87,24-38      73%j87,25-39      73%o87,26-40      73%b87,27-41      73%i87,28-42      73%t87,29-43      73%t87,30-44      73%l87,31-45      73%e87,32-46      73%87,31-45      73%87,30-44      73%87,29-43      73%87,28-42      73%87,27-41      73%t87,28-42      73%i87,29-43      73%t87,30-44      73%l87,31-45      73%e87,32-46      73%88,6-13       73%
 89 tput cup 10 18; read datehired
-- INSERT --89,32-39      75%
 90 while test "$lname" = "-"
-- INSERT --90,27-34      76%
 91 do
-- INSERT --91,4-11       77%
 92 tput cup 4 18 ; echo "          "
-- INSERT --92,26-41      78%91,4-11       78%90,27-34      78%90,26-33      78%90,25-32      78%90,24-31      78%90,23-30      78%90,22-29      78%90,21-28      78%90,20-27      78%" = "-"90,19-26      78%" = "-"90,18-25      78%" = "-"90,17-24      78%" = "-"90,16-23      78%" = "-"90,15-22      78%d" = "-"90,16-23      78%a" = "-"90,17-24      78%t" = "-"90,18-25      78%e" = "-"90,19-26      78%h" = "-"90,20-27      78%i" = "-"90,21-28      78%r" = "-"90,22-29      78%e" = "-"90,23-30      78%d" = "-"90,24-31      78%91,4-11       78%92,17-31      78%92,16-30      78%92,15-29      78%92,14-28      78%92,13-27      78% 18 ; echo " 92,12-26      78%9 18 ; echo "92,13-27      78%
 93 tput cup 4 18 ; read phonenum
-- INSERT --93,13-27      79% 18 ; read phonenum93,12-26      79%9 18 ; read phonenum93,13-27      79%
 94 if test "$phonenum" = "q"
-- INSERT --94,13-27      80%93,13-27      80%93,14-28      80%93,15-29      80%93,16-30      80%93,17-31      80%93,18-32      80%93,19-33      80%93,20-34      80%93,21-35      80%93,22-36      80%93,23-37      80%93,24-38      80%93,25-39      80%93,26-40      80%93,27-41      80%93,28-42      80%93,29-43      80%93,30-44      80%93,31-45      80%93,32-46      80%93,31-45      80%93,30-44      80%93,29-43      80%93,28-42      80%93,27-41      80%93,26-40      80%93,25-39      80%93,24-38      80%j93,25-39      80%o93,26-40      80%b93,27-41      80%t93,28-42      80%i93,29-43      80%t93,30-44      80%l93,31-45      80%e93,32-46      80%94,28-42      80%94,27-41      80%94,26-40      80%94,25-39      80%94,24-38      80%94,23-37      80%94,22-36      80%94,21-35      80%94,20-34      80%94,21-35      80%" = "q"94,20-34      80%" = "q"94,19-33      80%" = "q"94,18-32      80%" = "q"94,17-31      80%" = "q"94,16-30      80%" = "q"94,15-29      80%" = "q"94,14-28      80%" = "q"94,13-27      80%j" = "q"94,14-28      80%o" = "q"94,15-29      80%b" = "q"94,16-30      80%t" = "q"94,17-31      80%i" = "q"94,18-32      80%t" = "q"94,19-33      80%l" = "q"94,20-34      80%e" = "q"94,21-35      80%
 95 then
-- INSERT --95,7-21       81%
 96 clear ; exit
-- INSERT --96,14-35      82%
 97 fi
-- INSERT --97,5-19       84%
 98 tput cup 5 18 ; read lname
-- INSERT --98,21-35      85%98,20-34      85%98,19-33      85%98,18-32      85%98,17-31      85%98,16-30      85%98,15-29      85%98,14-28      85%98,13-27      85% 18 ; read lname98,12-26      85%1 18 ; read lname98,13-27      85%0 18 ; read lname98,14-28      85%98,15-29      85%98,16-30      85%98,17-31      85%98,18-32      85%98,19-33      85%98,20-34      85%98,21-35      85%98,22-36      85%98,24-38      85%98,25-39      85%98,26-40      85%98,27-41      85%98,28-42      85%98,29-43      85%98,30-44      85%98,29-43      85%98,28-42      85%98,27-41      85%98,26-40      85%98,25-39      85%d98,26-40      85%a98,27-41      85%t98,28-42      85%e98,29-43      85%h98,30-44      85%i98,31-45      85%r98,32-46      85%e98,33-47      85%d98,34-48      85%
 99 done
-- INSERT --99,6-13       86%
100 # Check to see if last name is not a blank before you
-- INSERT --100,41-48     87%
101 # write to disk
-- INSERT --101,17-24     88%
102 if [ "$lname" > "       " ]
-- INSERT --102,23-36     89%
[]
103 then
-- INSERT --103,6-13      90%104 echo "$phonenum:$lname:$fname:$midinit:$deptno:$jobtitle:$$    datehired" >> $phonefile
-- INSERT --104,34-48     92%103,6-13      92%[]102,23-36     92%102,22-35     92%[]102,21-34     92%102,20-33     92%102,19-26     92%102,18-25     92%102,17-24     92%102,16-23     92%102,15-22     92%102,14-21     92%102,13-20     92%102,12-19     92%102,11-18     92%102,10-17     92%102,9-16      92%102,8-15      92%102,7-14      92%[]102,6-13      92%102,5-12      92%[]102,4-11      92%102,3-10      92%102,2-9       92%102,1         92%102,2-9       92%#if [ "$lname" > "      " ]102,3-10      92% if [ "$lname" > "102,4-11      92%102,5-12      92%102,10-17     92%102,11-18     92%102,12-19     92%102,13-20     92%102,14-21     92%102,15-22     92%102,16-23     92%102,17-24     92%102,18-25     92%102,19-26     92%102,20-27     92%102,21-28     92%102,22-33     92%102,23-34     92%[]102,24-35     92%102,25-36     92%[]then105                echo "$phonenum:$lname:$fname:$midinit:$deptno:$jobtitle:$@                                                                             103,1         91%103,2-9       91%i103,3-10      91%f103,4-11      91%103,5-12      91%t103,6-13      91%e103,7-14      91%s103,8-15      91%t103,9-16      91%103,10-17     91%"103,11-18     91%$103,12-19     91%l103,13-20     91%n103,14-21     91%a103,15-22     91%m103,16-23     91%e103,17-24     91%"$lname"103,18-25     91%103,19-26     91%!103,20-27     91%=103,21-28     91%103,22-29     91%"103,23-30     91%""103,24-31     91%104,6-13      91%
105                 echo "$phonenum:$lname:$fname:$midinit:$deptno:$jobtitle:$$    datehired" >> $phonefile
-- INSERT --105,17-31     92%
106 fi
-- INSERT --106,4-11      93%
107 tput cup 12 33; read looptest
-- INSERT --107,24-31     94%
108 if [ "$looptest" = "q" ]
-- INSERT --108,24-31     95%
109 then
-- INSERT --109,6-13      96%
110 clear; exit
-- INSERT --110,14-28     97%
111 fi
-- INSERT --111,4-11      98%110,14-28     98%109,6-13      98%108,24-31     98%108,23-30     98%108,22-29     98%108,21-28     98%108,20-27     98%108,19-26     98%108,18-25     98%108,17-24     98%108,16-23     98%108,15-22     98%108,14-21     98%108,13-20     98%108,12-19     98%108,11-18     98%108,10-17     98%108,9-16      98%108,8-15      98%108,7-14      98%[]108,6-13      98%108,5-12      98%[]108,4-11      98%108,3-10      98%108,2-9       98%108,1         98%108,2-9       98%#if [ "$looptest" = "q" ]108,3-10      98%108,4-11      98%108,5-12      98%[]108,6-13      98%108,7-14      98%108,6-13      98%[]108,5-12      98%108,4-11      98%108,3-10      98% if [ "$looptest" = "q" ]108,4-11      98%108,5-12      98%108,6-13      98%[]108,7-14      98%108,8-15      98%[]108,9-16      98%108,10-17     98%108,11-18     98%108,12-19     98%108,13-20     98%108,14-21     98%108,15-22     98%108,16-23     98%108,17-24     98%108,18-25     98%108,19-26     98%108,20-27     98%108,21-28     98%108,22-29     98%108,23-30     98%108,24-31     98%108,25-32     98%108,26-33     98%[]108,27-34     98%108,28-35     98%108,27-34     98%108,28-35     98%[]then        clear; exit109,1         97%109,2-9       97%i109,3-10      97%f109,4-11      97%109,5-12      97%t109,6-13      97%e109,7-14      97%a109,8-15      97%t109,9-16      97%109,8-15      97%109,7-14      97%s109,8-15      97%t109,9-16      97%s109,10-17     97%109,9-16      97%109,10-17     97%"109,11-18     97%$109,12-19     97%l109,13-20     97%o109,14-21     97%o109,15-22     97%p109,16-23     97%t109,17-24     97%e109,18-25     97%s109,19-26     97%t109,20-27     97%"$looptest"109,21-28     97%109,22-29     97%=109,23-30     97%109,24-31     97%"109,25-32     97%q109,26-33     97%"q"109,27-34     97%110,6-13      97%111,14-28     97%
112 fi
-- INSERT --112,4-11      98%
113 done
-- INSERT --113,5         Bot113,4         Bot:x:x"phoneadd" "phoneadd" 113L, 2605C written
[user@localhost source]$ test tstest -d /home/user/tmp
[user@localhost source]$ echo $?
1
[user@localhost source]$ cd
[user@localhost ~]$ ls
12linefile     datainfo         last_name    second.file     today
chap1          dept_4540        manycolors   seqtotal        tutor
chap2          dept_4550        middle_name  source          users_info
chap3          Desktop          month        TEST            veg_choice
chap4          favorite_foods   nameaddr     test_directory  who_info
chapters       first.file       notes        test_file       year_2009
colors         first_name       our_users    testscript
corp_db        full_name1.txt   practice     textfiles
current_users  full_name22.txt  scrmanage    third.file
[user@localhost ~]$ mkdir tmp
[user@localhost ~]$ cd ~/sorurce
[user@localhost source]$ ./phoneadd
Corporate Phone List Additions
==============================
Phone Number: 
Last Name   : 
First Name  : 
Middle Init : 
Dept #      : 
Job Title   : 
Date Hired  : 
Add Another? (y)es or (q)uit: 
291  19-555-4511
-

219-555-4511
Brooks
Sally
H
4540
Programmer
02-20-2007
q
[user@localhost source]$ cat corp_phones
219-555-4587:Mitchell:Barbara:C:4541:Admin Asst:12-14-1995
219-555-4589:Olson:Timothy:H:4544:Supervisor:06-30-1983
219-555-4591:Moore:Sarah:H:4500:Dept Manager:08-01-1978
219-555-4544:Polk:John:S:4520:Accountant:09-22-2001
219-555-4501:Robinson:Albert:J:4501:Secretary:08-12-1997
219-555-7175:Mullins:Allen:L:7527:Sales Rep:02-19-2007
219-555-7176:Albertson:Jeannette:K:5547:DC Clerk:02-19-2007
219-555-4511:Brooks:Sally:H:4540:Programmer:02-20-2007
[user@localhost source]$ vi phoneadd
"phoneadd" "phoneadd" 113L, 2605Ctput cup 9 18 ; echo "          "tput cup 9 18 ; read jobtitleif test "$jobtitle" = "q"thenclear ; exitfitput cup 10 18 ; read datehireddone
        # Check to see if last name is not a blank before you
        # write to disk
        # if [ "$lname" > "     " ]if test "$lname" != ""thenecho "$phonenum:$lname:$fname:$midinit:$deptno:$jobtitle:$dateehired" >> $phonefilefitput cup 12 33; read looptest
        # if [ "$looptest" = "q" ]if test "$looptest" = "q"thenclear; exitfi
done113,1         Bottput cup 7 18 ; read midinitif test "$midinit" = "q"thenclear ; exitfitput cup 8 18 ; read deptnodonetput cup 9 18; read jobtitlewhile test "$jobtitle" = "-"
        dotput cup 8 18 ; echo "          "tput cup 8 18 ; read deptnoif test "$deptno" = "q"thenclear ; exitfitput cup 9 18 ; read jobtitledonetput cup 10 18; read datehiredwhile test "$datehired" = "-"
        dotput cup 9 18 ; echo "          "tput cup 9 18 ; read jobtitle93,3-17       77%if test "$lname" = "q"then        clear ; exitfitput cup 6 18 ; read fnamedonetput cup 7 18; read midinitwhile test "$midinit" = "-"        do                tput cup 6 18 ; echo "          "6read fnameif test "$fname" = "q"then        clear ; exitfitput cup 7 18 ; read midinitdonetput cup 8 18; read deptnowhile test "$deptno" = "-"        do                tput cup 7 18 ; echo "          "7read midinitif test "$midinit" = "q"72,3-17       54%        # if [ "$phonenum" = "q" ]if test "$phonenum" = "q"thenclear; exitfitput cup 5 18; read lnamewhile test "$lname" = "-"
        dotput cup 4 18 ; echo "          "tput cup 4 18 ; read phonenumif test "$phonenum" = "q"thenclear ; exitfitput cup 5 18 ; read lnamedonetput cup 6 18; read fnamewhile test "$fname" = "-"
        dotput cup 5 18 ; echo "          "tput cup 5 18 ; read lnameif test "$lname" = "q"then51,3-17       31%# Command Line:         phoneadd##================================================================
trap "rm ~/tmp/* 2> /dev/null; exit" 0 1 2 3
phonefile=~/source/corp_phones
looptest=y# while [ $looptest = y ]while test "$looptest" = "y"
docleartput cup 1 4; echo "Corporate Phone List Additions"tput cup 2 4; echo "=============================="tput cup 4 4; echo "Phone Number: "tput cup 5 4; echo "Last Name   : "tput cup 6 4; echo "First Name  : "tput cup 7 4; echo "Middle Init : "8 4; echo "Dept #      : "tput cup 9 4; echo "Job Title   : "
        tput cup 10 4; echo "Date Hired  : "tput cup 12 4; echo "Add Another? (y)es or (q)uit: "tput cup 4 18; read phonenum        # if [ "$phonenum" = "q" ]if test "$phonenum" = "q"30,2-9         7%#!/bin/bash
#================================================================
# Script Name:          phoneadd
# By:                   JW
# Date:                 6/13/2016
# Purpose:              A shell script that sets up a loop to add
#                       new employees to the corp_phones file.9,1           Top8,1           Top7,1           Top7,2-8         Top7,3-16        Top7,4-24        Top7,5-25        Top7,6-26        Top7,7-27        Top7,8-28        Top7,9-29        Top7,10-30       Top7,11-31       Top7,12-32       Top7,13-33       Top7,14-34       Top7,15-35       Top7,16-36       Top7,17-37       Top7,18-38       Top7,19-39       Top7,20-40       Top7,21-41       Top7,22-42       Top7,23-43       Top7,24-44       Top7,25-45       Top7,26-46       Top7,27-47       Top7,28-48       Top7,29-49       Top7,30-50       Top7,31-51       Top7,32-52       Top7,33-53       Top7,34-54       Top7,35-55       Top7,36-56       Top7,37-57       Top7,38-58       Top7,39-59       Top7,40-60       Top7,41-61       Top7,42-62       Top-- INSERT --7,42-62       Top7,43-63       Top-- INSERT --8,1           Top#8,2           Top 8,3           Top 8,4           Top 8,5           Top 8,6           Top  8,8           Top 8,9           Top  8,11          Top 8,12          Top 8,13          Top 8,14          Top 8,15          Top 8,16          Top 8,17          Top 8,18          Top 8,19          Top 8,20          Top 8,21          Top8,20          Top8,19          Top8,18          Top8,17          Top8,16          Top8,15          Top8,14          Top8,13          Top8,12          Top8,11          Top8,10          Top8,9           Top8,8           Top8,7           Top8,6           Top8,5           Top8,4           Top8,3           Top8,2           Top       8,3-9         Top        8,4-17        Top        8,5-25        TopT8,6-26        Toph8,7-27        Tope8,8-28        Top 8,9-29        Topc8,10-30       Topo8,11-31       Topd8,12-32       Tope8,13-33       Top 8,14-34       Topa8,15-35       Topl8,16-36       Tops8,17-37       Topo8,18-38       Top 8,19-39       Topp8,20-40       Topr8,21-41       Tope8,22-42       Topv8,23-43       Tope8,24-44       Topn8,25-45       Topt8,26-46       Tops8,27-47       Top 8,28-48       Topd8,29-49       Topu8,30-50       Topp8,31-51       Topl8,32-52       Topi8,33-53       Topc8,34-54       Topa8,35-55       Topt8,36-56       Tope8,37-57       Top 8,38-58       Topp8,39-59       Toph8,40-60       Topo8,41-61       Topn8,42-62       Tope8,43-63       Top 8,44-64       Topn8,45-65       Topu8,46-66       Topm8,47-67       Topb8,48-68       Tope8,49-69       Topr8,50-70       Tops8,51-71       Top 8,52-72       Top8,51-71       Top8,50-70       Top8,49-69       Top8,48-68       Top8,47-67       Top8,46-66       Top8,45-65       Top8,44-64       Top8,43-63       Top-- INSERT --9,1           Top#9,2           Top       9,3-9         Top        9,4-17        Top        9,5-25        Topn9,6-26        Topu9,7-27        Topm9,8-28        Topb9,9-29        Tope9,10-30       Topr9,11-31       Tops9,12-32       Top 9,13-33       Topf9,14-34       Topr9,15-35       Topo9,16-36       Topm9,17-37       Top 9,18-38       Topb9,19-39       Tope9,20-40       Topi9,21-41       Topn9,22-42       Topg9,23-43       Top 9,24-44       Topa9,25-45       Tops9,26-46       Tops9,27-47       Topi9,28-48       Topg9,29-49       Topn9,30-50       Tope9,31-51       Topd9,32-52       Top.9,33-53       Top10,26-33      Top11,2          Top12,53         Top13,45         Top14,31         Top15,11         Top[]16,26         Top[]17,29         Top18,3          Top19,7-14       Top20,46-53      Top21,46-53      Top22,37-44      Top23,37-44      Top
tput cup 6 4; echo "First Name  : "
-- INSERT --24,37-44       1%
tput cup 7 4; echo "Middle Init : "
-- INSERT --25,37-44       2%
tput cup 8 4; echo "Dept #      : "
-- INSERT --26,37-44       3%
tput cup 9 4; echo "Job Title   : "
-- INSERT --27,37-44       4%
tput cup 10 4; echo "Date Hired  : "
-- INSERT --28,38-45       5%
tput cup 12 4; echo "Add Another? (y)es or (q)uit: "
-- INSERT --29,46-53       6%
(q)tput cup 4 18; read phonenum
-- INSERT --30,30-37       7%
        # if [ "$phonenum" = "q" ]
-- INSERT --31,28-35       8%
[]if test "$phonenum" = "q"
-- INSERT --32,27-34       9%
then
-- INSERT --33,6-13       10%
clear; exit
-- INSERT --34,14-28      11%
fi
-- INSERT --35,4-11       13%
tput cup 5 18; read lname
-- INSERT --36,27-34      14%
while test "$lname" = "-"
-- INSERT --37,27-34      15%
        do
-- INSERT --38,4-11       16%
tput cup 4 18 ; echo "          "
-- INSERT --39,28-50      17%
tput cup 4 18 ; read phonenum
-- INSERT --40,32-46      18%
if test "$phonenum" = "q"
-- INSERT --41,28-42      19%
then
-- INSERT --42,7-21       20%
clear ; exit
-- INSERT --43,16-37      21%
fi
-- INSERT --44,5-19       22%
tput cup 5 18 ; read lname
-- INSERT --45,29-43      23%
done
-- INSERT --46,6-13       25%
tput cup 6 18; read fname
-- INSERT --47,27-34      26%
while test "$fname" = "-"
-- INSERT --48,27-34      27%
        do
-- INSERT --49,4-11       28%
tput cup 5 18 ; echo "          "
-- INSERT --50,28-50      29%
tput cup 5 18 ; read lname
-- INSERT --51,29-43      30%
if test "$lname" = "q"
-- INSERT --52,25-39      31%
then
-- INSERT --53,7-21       32%
clear ; exit
-- INSERT --54,16-37      33%
fi
-- INSERT --55,5-19       34%
tput cup 6 18 ; read fname
-- INSERT --56,29-43      35%
done
-- INSERT --57,6-13       36%
tput cup 7 18; read midinit
-- INSERT --58,29-36      38%
while test "$midinit" = "-"
-- INSERT --59,29-36      39%
        do
-- INSERT --60,4-11       40%
tput cup 6 18 ; echo "          "
-- INSERT --61,28-50      41%60,4-11       41%59,29-36      41%58,29-36      41%57,6-13       41%56,29-43      41%55,5-19       41%54,16-37      41%53,7-21       41%52,25-39      41%51,29-43      41%50,28-50      41%49,4-11       41%48,27-34      41%47,27-34      41%46,6-13       41%45,29-43      41%44,5-19       41%43,16-37      41%41,28-42      41%40,32-46      41%39,28-50      41%        do-- INSERT --38,4-11       40%while test "$lname" = "-"-- INSERT --37,27-34      39%tput cup 5 18; read lname-- INSERT --36,27-34      38%fi-- INSERT --35,4-11       36%clear; exit-- INSERT --34,14-28      35%then-- INSERT --33,6-13       34%if test "$phonenum" = "q"-- INSERT --32,27-34      33%        # if [ "$phonenum" = "q" ]-- INSERT --31,28-35      32%tput cup 4 18; read phonenum[]-- INSERT --30,30-37      31%tput cup 12 4; echo "Add Another? (y)es or (q)uit: "-- INSERT --29,46-53      30%tput cup 10 4; echo "Date Hired  : "(q)-- INSERT --28,38-45      29%tput cup 9 4; echo "Job Title   : "-- INSERT --27,37-44      28%tput cup 8 4; echo "Dept #      : "-- INSERT --26,37-44      27%tput cup 7 4; echo "Middle Init : "-- INSERT --25,37-44      26%tput cup 6 4; echo "First Name  : "-- INSERT --24,37-44      25%tput cup 5 4; echo "Last Name   : "-- INSERT --23,37-44      23%tput cup 4 4; echo "Phone Number: "-- INSERT --22,37-44      22%23,37-44      22%24,37-44      22%25,37-44      22%26,37-44      22%27,37-44      22%28,38-45      22%()29,46-53      22%(q)30,30-37      22%[]31,28-35      22%[]32,27-34      22%33,6-13       22%34,14-28      22%35,4-11       22%-- INSERT --36,1          22%36,2-9        22%        #36,3-10       22% 36,4-11       22%C36,5-12       22%h36,6-13       22%e36,7-14       22%c36,8-15       22%k36,9-16       22% 36,10-17      22%t36,11-18      22%o36,12-19      22% 36,13-20      22%d36,14-21      22%36,13-20      22%s36,14-21      22%e36,15-22      22%e36,16-23      22% 36,17-24      22%i36,18-25      22%f36,19-26      22% 36,20-27      22%t36,21-28      22%h36,22-29      22%e36,23-30      22% 36,24-31      22%p36,25-32      22%h36,26-33      22%o36,27-34      22%n36,28-35      22%e36,29-36      22% 36,30-37      22%n36,31-38      22%u36,32-39      22%m36,33-40      22%be36,35-42      22%r36,36-43      22% 36,37-44      22%a36,38-45      22%l36,39-46      22%s36,40-47      22%o36,41-48      22%e36,42-49      22%36,41-48      22%36,40-47      22%36,39-46      22%r36,40-47      22%e36,41-48      22%a36,42-49      22%d36,43-50      22%y36,44-51      22% 36,45-52      22%e36,46-53      22%x36,47-54      22%i36,48-55      22%t36,49-56      22%s36,50-57      22%t36,51-58      22%36,50-57      22%36,49-56      22%36,48-55      22%s36,49-56      22%t36,50-57      22%s36,51-58      22%-- INSERT --37,1          22%37,2-9        22%w37,3-10       22%h37,4-11       22%i37,5-12       22%l37,6-13       22%while
        tput cup   read lname
        37,7-14       22% 37,8-15       22%g37,9-16       22%r37,10-17      22%e37,11-18      22%p37,12-19      22% 37,13-20      22%"
        tput cup 5 18; read lname
        while test  = "-"
        do
                tput cup 4 18 ; echo          
                tput cup 4 18 ; read phonenum
                if test  = "q"
                then37,14-21      22%$37,15-22      22%$p37,16-23      22%h37,17-24      22%o37,18-25      22%n37,19-26      22%e37,20-27      22%n37,21-28      22%u37,22-29      22%m37,23-30      22%"
        tput cup  ; read lname
        while test  = "-"
        do
                tput cup   ; echo          
                tput cup   ; read phonenum
                if test  = "q"
                then37,24-31      22% 37,25-32      22%$37,26-33      22%$p37,27-34      22%h37,28-35      22%o37,29-36      22%n37,30-37      22%e37,31-38      22%f37,32-39      22%i37,33-40      22%l37,34-41      22%e37,35-42      22% 37,36-43      22%?37,37-44      22%37,36-43      22%>37,37-44      22% 37,38-45      22%~37,39-46      22%/37,40-47      22%t37,41-48      22%m37,42-49      22%p37,43-50      22%/37,44-51      22%t37,45-52      22%e37,46-53      22%m37,47-54      22%p37,48-55      22%-- INSERT --38,1          22%        38,2-9        22%d38,3-10       22%p38,4-11       22%o38,5-12       22% 38,6-13       22%38,5-12       22%38,4-11       22%38,3-10       22%o
        tput cup    lname
        38,4-11       22%38,5-12       22%38,4-11       22%-- INSERT --39,1          21%39,2-9        21%39,3-17       21%t39,4-18       21%p39,5-19       21%u39,6-20       21%t39,7-21       21%39,8-22       21%c39,9-23       21%u39,10-24      21%39,11-25      21%39,10-24      21%p39,11-25      21%39,12-26      21%139,13-27      21%939,14-28      21%39,15-29      21%139,16-30      21%39,17-31      21%;39,18-32      21%39,19-33      21%e39,20-34      21%c39,21-35      21%h39,22-36      21%echo39,23-37      21% 39,24-38      21%"
        tput cup 5 18; read lname
        while test  = ""
        do
                tput cup 4 18 ; echo          
                tput cup 4 18 ; read phonenum39,25-39      21%T39,26-40      21%h39,27-41      21%e39,28-42      21%i39,29-43      21%s39,30-44      21% 39,31-45      21%39,30-44      21%39,29-43      21%39,28-42      21%39,27-41      21%i39,28-42      21%s39,29-43      21% 39,30-44      21%n39,31-45      21%u39,32-46      21%m39,33-47      21%b39,34-48      21%e39,35-49      21%r39,36-50      21% 39,37-51      21%h39,38-52      21%a39,39-53      21%s39,40-54      21% 39,41-55      21%a39,42-56      21%l39,43-57      21%r39,44-58      21%e39,45-59      21%a39,46-60      21%d39,47-61      21%y39,48-62      21% 39,49-63      21%b39,50-64      21%e39,51-65      21%e39,52-66      21%n39,53-67      21% 39,54-68      21%a39,55-69      21%s39,56-70      21%s39,57-71      21%i39,58-72      21%g39,59-73      21%n39,60-74      21%e39,61-75      21%d39,62-76      21% 39,63-77      21%t39,64-78      21%o39,65-79      21%39,64-78      21%o39,65-79      21%:-- INSERT --39,66-80      21% 39,67-81      21%"
        tput cup  ; read lname
        while test  = "-"
        do
                tput cup   ; echo          39,68-82      21%-- INSERT --40,1          21%40,2-9        21%t40,3-10       21%p40,4-11       21%u40,5-12       21%t40,6-13       21%40,7-14       21%c40,8-15       21%u40,9-16       21%p40,10-17      21%40,11-18      21%40,10-17      21%40,9-16       21%40,8-15       21%40,7-14       21%40,6-13       21%40,5-12       21%40,4-11       21%40,3-10       21%40,2-9        21%        tput cup40,3-17       21%40,4-18       21%40,5-19       21%40,6-20       21%40,7-21       21%40,8-22       21%40,9-23       21%40,10-24      21%40,11-25      21%40,12-26      21%240,13-27      21%040,14-28      21%40,15-29      21%140,16-30      21%40,17-31      21%;40,18-32      21%40,19-33      21%t40,20-34      21%r40,21-35      21%40,22-36      21%'
        tput cup 5 18; read lname
        while test "$lname" = 
        do40,23-37      21%:40,24-38      21%'
        tput cup  ; read lname
        while test "$lname" = 
        do40,25-39      21%40,26-40      21%'
        tput cup 5 18; read lname
        while test "$lname" = 
        do40,27-41      21% 40,28-42      21%'
        tput cup  ; read lname
        while test "$lname" = 
        do40,29-43      21%40,30-44      21%<40,31-45      21%40,32-46      21%~40,33-47      21%/40,34-48      21%t40,35-49      21%m40,36-50      21%p40,37-51      21%/40,38-52      21%t40,39-53      21%em40,41-55      21%p40,42-56      21%-- INSERT --41,1          21%41,2-9        21%41,3-17       21%t41,4-18       21%p41,5-19       21%u41,6-20       21%t41,7-21       21%41,8-22       21%c41,9-23       21%u41,10-24      21%p41,11-25      21%41,12-26      21%241,13-27      21%141,14-28      21%41,15-29      21%141,16-30      21%41,17-31      21%;41,18-32      21%41,19-33      21%e41,20-34      21%c41,21-35      21%h41,22-36      21%echo41,23-37      21% 41,24-38      21%"
        tput cup 5 18; read lname
        while test  = ""41,25-39      21%P41,26-40      21%r41,27-41      21%e41,28-42      21%d41,29-43      21%d41,30-44      21% 41,31-45      21%41,30-44      21%41,29-43      21%41,28-42      21%s41,29-43      21%s41,30-44      21% 41,31-45      21%E41,32-46      21%N41,33-47      21%T41,34-48      21%E41,35-49      21%R41,36-50      21% 41,37-51      21%T41,38-52      21%O41,39-53      21% 41,40-54      21%41,39-53      21%41,38-52      21%41,37-51      21%t41,38-52      21%o41,39-53      21% 41,40-54      21%c41,41-55      21%o41,42-56      21%n41,43-57      21%t41,44-58      21%i41,45-59      21%n41,46-60      21%u41,47-61      21%e41,48-62      21%.41,49-63      21%.41,50-64      21%.41,51-65      21% 41,52-66      21%"
        tput cup  ; read lname
        while test  = "-"41,53-67      21%tput cup 5 18; read lname42,1          21%42,2-9        21%42,3-17       21%r42,4-18       21%re42,5-19       21%a42,6-20       21%read42,7-21       21%42,8-22       21%p42,9-23       21%r42,10-24      21%o42,11-25      21%m42,12-26      21%p42,13-27      21%t42,14-28      21%43,1          20%43,2-9        20%43,3-17       20%t43,4-18       20%p43,5-19       20%u43,6-20       20%t43,7-21       20%43,8-22       20%e43,9-23       20%c43,10-24      20%h43,11-25      20%echo43,12-26      20% 43,13-27      20%43,12-26      20%ech43,11-25      20%43,10-24      20%43,9-23       20%43,8-22       20%c43,9-23       20%u43,10-24      20%p43,11-25      20%43,12-26      20%443,13-27      20%43,14-28      20%143,15-29      20%843,16-30      20%43,17-31      20%;43,18-32      20%43,19-33      20%e43,20-34      20%h43,21-35      20%c43,22-36      20%o43,23-37      20%43,24-38      20%43,23-37      20%43,22-36      20%43,21-35      20%43,20-34      20%43,19-33      20%c43,20-34      20%43,19-33      20%e43,20-34      20%c43,21-35      20%h43,22-36      20%echo43,23-37      20% 43,24-38      20%"43,25-39      20%  43,26-41      20%        43,27-49      20%        43,28-57      20%"43,29-58      20%43,28-57      20%"43,27-49      20%43,28-50      20%
-- INSERT --44,1          21%44,2-9        21%44,3-17       21%t44,4-18       21%up44,6-20       21%t44,7-21       21%44,8-22       21%44,7-21       21%44,6-20       21%44,5-19       21%44,4-18       21%44,3-17       21%t44,4-18       21%p44,5-19       21%u44,6-20       21%t44,7-21       21%44,8-22       21%c44,9-23       21%u44,10-24      21%p44,11-25      21%44,12-26      21%444,13-27      21%44,14-28      21%144,15-29      21%844,16-30      21%44,17-31      21%;44,18-32      21%44,19-33      21%r44,20-34      21%re44,21-35      21%a44,22-36      21%read44,23-37      21%44,24-38      21%p44,25-39      21%h44,26-40      21%o44,27-41      21%n44,28-42      21%e44,29-43      21%n44,30-44      21%u44,31-45      21%m44,32-46      21%
-- INSERT --45,1          22%45,2-9        22%45,3-17       22%i45,4-18       22%if45,5-19       22%45,6-20       22%t45,7-21       22%e45,8-22       22%s45,9-23       22%test45,10-24      22%45,11-25      22%$45,12-26      22%$p45,13-27      22%h45,14-28      22%one45,17-31      22%n45,18-32      22%u45,19-33      22%m45,20-34      22%45,21-35      22%=45,22-36      22%45,23-37      22%"45,24-38      22%q45,25-39      22%"q"45,26-40      22%
-- INSERT --46,1          23%t46,2          23%h46,3          23%e46,4          23%then46,5          23%46,4          23%46,3          23%46,2          23%46,1          23%        then46,2-9        23%        then46,3-17       23%46,4-18       23%46,5-19       23%46,6-20       23%46,7-21       23%
-- INSERT --47,1          23%47,2-9        23%47,3-17       23%47,4-25       23%c47,5-26       23%l47,6-27       23%e47,7-28       23%a47,8-29       23%clear47,9-30       23%47,10-31      23%;47,11-32      23%47,12-33      23%e47,13-34      23%x47,14-35      23%i47,15-36      23%exit47,16-37      23%
-- INSERT --48,1          24%48,2-9        24%48,3-17       24%f48,4-18       24%fi48,5-19       24%
-- INSERT --49,1          25%49,2-9        25%d49,3-10       25%do49,4-11       25%don49,5-12       25%done49,6-13       25%
tput cup 5 18; read lname
-- INSERT --50,6-13       26%
while test "$lname" = "-"
-- INSERT --51,6-13       27%
        do
-- INSERT --52,4-11       28%
tput cup 4 18 ; echo "          "
-- INSERT --53,2-9        28%
tput cup 4 18 ; read phonenum
-- INSERT --54,2-9        29%
if test "$phonenum" = "q"
-- INSERT --55,2-9        30%
then
-- INSERT --56,2-9        31%
clear ; exit
-- INSERT --57,2-9        32%
fi
-- INSERT --58,2-9        33%
tput cup 5 18 ; read lname
-- INSERT --59,2-9        34%
done
-- INSERT --60,6-13       35%59,2-9        35%58,2-9        35%57,2-9        35%56,2-9        35%55,2-9        35%54,2-9        35%53,2-9        35%52,4-11       35%51,6-13       35%50,6-13       35%49,6-13       35%48,2-9        35%47,2-9        35%46,2-9        35%45,2-9        35%44,2-9        35%43,2-9        35%42,2-9        35%41,2-9        35%42,2-9        35%43,2-9        35%44,2-9        35%45,2-9        35%46,2-9        35%47,2-9        35%48,2-9        35%49,6-13       35%50,6-13       35%51,6-13       35%52,4-11       35%53,2-9        35%54,2-9        35%55,2-9        35%56,2-9        35%57,2-9        35%58,2-9        35%59,2-9        35%60,6-13       35%tput cup 6 18; read fnamewhile test "$fname" = "-"
-- INSERT --61,6-13       36%62,6-13       36%
        do
-- INSERT --63,4-11       37%
tput cup 5 18 ; echo "          "
-- INSERT --64,2-9        38%
tput cup 5 18 ; read lname
-- INSERT --65,2-9        39%
if test "$lname" = "q"
-- INSERT --66,2-9        40%65,2-9        40%64,2-9        40%63,4-11       40%62,6-13       40%61,6-13       40%60,6-13       40%59,2-9        40%58,2-9        40%57,2-9        40%56,2-9        40%55,2-9        40%54,2-9        40%53,2-9        40%52,4-11       40%51,6-13       40%50,6-13       40%49,6-13       40%48,2-9        40%47,2-9        40%46,2-9        40%45,2-9        40%44,2-9        40%tput cup 4 18 ; echo "          "-- INSERT --43,2-9        39%read prompt-- INSERT --42,2-9        38%tput cup 21 1 ; echo "Press ENTER to continue... "-- INSERT --41,2-9        37%tput cup 20 1 ; tr ':' ' ' < ~/tmp/temp-- INSERT --40,2-9        36%tput cup 19 1 ; echo "This number has already been assigned too: "-- INSERT --39,2-9        35%        do-- INSERT --38,4-11       34%while grep "$phonenum" $phonefile > ~/tmp/temp-- INSERT --37,6-13       33%        # Check to see if the phone number already exists-- INSERT --36,6-13       32%fi-- INSERT --35,4-11       31%thenclear; exit-- INSERT --33,6-13       29%if test "$phonenum" = "q"-- INSERT --32,6-13       28%        # if [ "$phonenum" = "q" ]-- INSERT --31,6-13       28%tput cup 4 18; read phonenum-- INSERT --30,6-13       27%tput cup 12 4; echo "Add Another? (y)es or (q)uit: "-- INSERT --29,6-13       26%tput cup 10 4; echo "Date Hired  : "-- INSERT --28,6-13       25%tput cup 9 4; echo "Job Title   : "-- INSERT --27,6-13       24%28,6-13       24%29,6-13       24%30,6-13       24%31,6-13       24%32,6-13       24%33,6-13       24%34,2-9        24%35,4-11       24%36,6-13       24%37,6-13       24%38,4-11       24%39,2-9        24%40,2-9        24%41,2-9        24%42,2-9        24%43,2-9        24%44,2-9        24%45,2-9        24%46,2-9        24%47,2-9        24%48,2-9        24%
done
-- INSERT --49,6-13       25%
tput cup 5 18; read lname
-- INSERT --50,6-13       26%
while test "$lname" = "-"
-- INSERT --51,6-13       27%
        do
-- INSERT --52,4-11       28%51,6-13       28%50,6-13       28%49,6-13       28%49,5-12       28%:x:x"phoneadd" "phoneadd" 129L, 3081C written
[user@localhost source]$ ./phoneadd
Corporate Phone List Additions
==============================
Phone Number: 
Last Name   : 
First Name  : 
Middle Init : 
Dept #      : 
Job Title   : 
Date Hired  : 
Add Another? (y)es or (q)uit: 
219-555-4587
This number has already been assigned to: 
219-555-4587 Mitchell Barbara C 4541 Admin Asst 12-14-1995
Press ENTER to continue... 



[1]+  Stopped                 ./phoneadd
[user@localhost source]$ clear
[user@localhost source]$ cd
[user@localhost ~]$ datenow()
> {
> date
> }
[user@localhost ~]$ datenow
Tue Jul  5 19:18:39 CDT 2016
[user@localhost ~]$ clear
[user@localhost ~]$ datenow()
> {
> echo "$1"
> date
> }
[user@localhost ~]$ datenow "Today's date and time are:"
Today's date and time are:
Tue Jul  5 19:19:57 CDT 2016
[user@localhost ~]$ cd ~/source
[user@localhost source]$ vi .myfunscs
".myfuncs" [New File]~                                                                             ~                                                                             ~                                                                             ~                                                                             ~                                                                             ~                                                                             ~                                                                             ~                                                                             ~                                                                             ~                                                                             ~                                                                             ~                                                                             ~                                                                             ~                                                                             ~                                                                             ~                                                                             ~                                                                             ~                                                                             ~                                                                             ~                                                                             ~                                                                             ~                                                                             0,0-1         All-- INSERT --0,1           Alls1,2           Allo1,3           Allr1,4           Allt1,5           All_1,6           Alln1,7           Alla1,8           Allm1,9           Alle1,10          All(1,11          All()1,12          All()2,1           All{2,2           All3,1           All{
}3,2           All2,2           All{

}-- INSERT --3,1           Alls3,2           Allo3,3           Allr3,4           Allt3,5           All3,6           All-3,7           Allk3,8           All3,9           All23,10          All3,11          All-3,12          Allt3,13          All:3,14          All3,15          Allc3,16          Allo3,17          Allr3,18          Allp3,19          All_3,20          Allp3,21          Allh3,22          Allo3,23          Alln3,24          Alle3,25          Alls3,26          All{

}2,2           All2,1           All {2,2           All{

}3,2           All3,1           All sort -k 2 -t: corp_phones3,2           All{

}4,2           All4,1           All }4,2           All4,3           All{

 }5,1           Alls5,2           Allo5,3           Allr5,4           Allt5,5           All5,6           All5,5           All_5,6           Allj5,7           Allo5,8           Allb5,9           All(5,10          All()5,11          All()6,1           All6,2           All{6,3           All7,1           All7,2           All{
 }7,3           All6,3           All{

 }-- INSERT --7,1           All7,2           Alls7,3           Allo7,4           Allr7,5           Allt7,6           All7,7           All-7,8           Allk7,9           All7,10          All67,11          All7,12          All-7,13          Allt7,14          All:7,15          All7,16          Allc7,17          Allo7,18          Allr7,19          Allp7,20          All7,21          All7,20          All_7,21          Allp7,22          Allh7,23          Allo7,24          Alln7,25          Alle7,26          Alls7,27          All-- INSERT --8,1           All
sort -k 6 -t: corp_phones~                                                                             -- INSERT --7,27          All{

 }8,3           All{

 }9,1           Alls9,2           Allo9,3           Allr9,4           Allt9,5           All_9,6           Alld9,7           Allp9,8           All9,7           Alle9,8           Allp9,9           Allt9,10          All(9,11          All()9,12          All()10,1          All10,2          All{10,3          All11,1          All11,2          Alls11,3          Allo11,4          Allr11,5          Allt11,6          All11,7          All11,6          All11,7          All-11,8          Allk11,9          All11,10         All511,11         All11,12         All-11,13         Allt11,14         All:11,15         All11,16         Allco11,18         Allr11,19         Allp11,20         All11,21         All11,20         All_11,21         Allp11,22         Allh11,23         Allo11,24         Alln11,25         Alle11,26         Alls11,27         All12,1          All12,2          All{

 }12,3          All{

 }11,3          All{

 }12,3          All12,2          All:x:x".myfuncs" ".myfuncs" [New] 12L, 134C written
[user@localhost source]$ clear
[user@localhost source]$ . .myfuncs
[user@localhost source]$ sort_dept
219-555-4591:Moore:Sarah:H:4500:Dept Manager:08-01-1978
219-555-4501:Robinson:Albert:J:4501:Secretary:08-12-1997
219-555-4544:Polk:John:S:4520:Accountant:09-22-2001
219-555-4511:Brooks:Sally:H:4540:Programmer:02-20-2007
219-555-4587:Mitchell:Barbara:C:4541:Admin Asst:12-14-1995
219-555-4589:Olson:Timothy:H:4544:Supervisor:06-30-1983
219-555-7176:Albertson:Jeannette:K:5547:DC Clerk:02-19-2007
219-555-7175:Mullins:Allen:L:7527:Sales Rep:02-19-2007
[user@localhost source]$ sort_name
219-555-7176:Albertson:Jeannette:K:5547:DC Clerk:02-19-2007
219-555-4511:Brooks:Sally:H:4540:Programmer:02-20-2007
219-555-4587:Mitchell:Barbara:C:4541:Admin Asst:12-14-1995
219-555-4591:Moore:Sarah:H:4500:Dept Manager:08-01-1978
219-555-7175:Mullins:Allen:L:7527:Sales Rep:02-19-2007
219-555-4589:Olson:Timothy:H:4544:Supervisor:06-30-1983
219-555-4544:Polk:John:S:4520:Accountant:09-22-2001
219-555-4501:Robinson:Albert:J:4501:Secretary:08-12-1997
[user@localhost source]$ sort_job
219-555-4544:Polk:John:S:4520:Accountant:09-22-2001
219-555-4587:Mitchell:Barbara:C:4541:Admin Asst:12-14-1995
219-555-7176:Albertson:Jeannette:K:5547:DC Clerk:02-19-2007
219-555-4591:Moore:Sarah:H:4500:Dept Manager:08-01-1978
219-555-4511:Brooks:Sally:H:4540:Programmer:02-20-2007
219-555-7175:Mullins:Allen:L:7527:Sales Rep:02-19-2007
219-555-4501:Robinson:Albert:J:4501:Secretary:08-12-1997
219-555-4589:Olson:Timothy:H:4544:Supervisor:06-30-1983
[user@localhost source]$ cd
[user@localhost ~]$ . ~/source /.myfuncsvi .bashrc
".bashrc" ".bashrc" 11L, 170C# .bashrc

# Source global definitions
if [ -f /etc/bashrc ]; then
        . /etc/bashrc
fi

# User specific aliases and functions
alias list="ls -l"
CLEAR=`clear`
export CLEAR
~                                                                             ~                                                                             ~                                                                             ~                                                                             ~                                                                             ~                                                                             ~                                                                             ~                                                                             ~                                                                             ~                                                                             ~                                                                             ~                                                                             11,1          All-- INSERT --11,1          All11,2          All11,3          All11,4          All11,5          All11,6          All11,7          All11,8          All11,9          All11,10         All11,11         All11,12         All11,13         All12,1          All.12,2          All. 12,3          All~12,4          All/12,5          Alls12,6          Allo12,7          Allu12,8          Allr12,9          Allc12,10         Allsource12,11         All12,12         All12,11         All/12,12         All.12,13         Allm12,14         Ally12,15         Allf12,16         Allu12,17         Alln12,18         Allc12,19         Alls12,20         All`12,21         All12,20         All12,19         All:x:x".bashrc" ".bashrc" 12L, 190C written
[user@localhost ~]$ exit
logout
There are stopped jobs.
[user@localhost ~]$ exit
logout
    1  echo "$CLEAR"
    2  cd ~/source
    3  vi phoneadd
    4  test -d /home/user/tmp
    5  echo $?
    6  cd
    7  ls
    8  mkdir tmp
    9  cd ~/source
   10  ./phoneadd
   11  cat corp_phones
   12  vi phoneadd
   13  ./phoneadd
   14  clear
   15  cd
   16  datenow() { date; }
   17  datenow
   18  clear
   19  datenow() { echo "$1"; date; }
   20  datenow "Today's date and time are:"
   21  cd ~/source
   22  vi .myfuncs
   23  clear
   24  . .myfuncs
   25  sort_dept
   26  sort_name
   27  sort_job
   28  cd
   29  vi .bashrc
   30  exit
   31  exit
login as: user
user@192.168.1.3's password: 
Last login: Tue Jul  5 18:44:56 2016 from 192.168.1.2
--------------------------------------------------------------------
ATTENTION!

- When completing assignments, be sure to log on using PuTTY!  If
  you do not use PuTTY, your work will NOT be saved to a log file.

- Do NOT log on as root or other superuser unless directed to do so.
--------------------------------------------------------------------

[user@localhost ~]$ cd ~/source
[user@localhost source]$ sort_name
219-555-7176:Albertson:Jeannette:K:5547:DC Clerk:02-19-2007
219-555-4511:Brooks:Sally:H:4540:Programmer:02-20-2007
219-555-4587:Mitchell:Barbara:C:4541:Admin Asst:12-14-1995
219-555-4591:Moore:Sarah:H:4500:Dept Manager:08-01-1978
219-555-7175:Mullins:Allen:L:7527:Sales Rep:02-19-2007
219-555-4589:Olson:Timothy:H:4544:Supervisor:06-30-1983
219-555-4544:Polk:John:S:4520:Accountant:09-22-2001
219-555-4501:Robinson:Albert:J:4501:Secretary:08-12-1997
[user@localhost source]$ sort_dept
219-555-4591:Moore:Sarah:H:4500:Dept Manager:08-01-1978
219-555-4501:Robinson:Albert:J:4501:Secretary:08-12-1997
219-555-4544:Polk:John:S:4520:Accountant:09-22-2001
219-555-4511:Brooks:Sally:H:4540:Programmer:02-20-2007
219-555-4587:Mitchell:Barbara:C:4541:Admin Asst:12-14-1995
219-555-4589:Olson:Timothy:H:4544:Supervisor:06-30-1983
219-555-7176:Albertson:Jeannette:K:5547:DC Clerk:02-19-2007
219-555-7175:Mullins:Allen:L:7527:Sales Rep:02-19-2007
[user@localhost source]$ sort_job
219-555-4544:Polk:John:S:4520:Accountant:09-22-2001
219-555-4587:Mitchell:Barbara:C:4541:Admin Asst:12-14-1995
219-555-7176:Albertson:Jeannette:K:5547:DC Clerk:02-19-2007
219-555-4591:Moore:Sarah:H:4500:Dept Manager:08-01-1978
219-555-4511:Brooks:Sally:H:4540:Programmer:02-20-2007
219-555-7175:Mullins:Allen:L:7527:Sales Rep:02-19-2007
219-555-4501:Robinson:Albert:J:4501:Secretary:08-12-1997
219-555-4589:Olson:Timothy:H:4544:Supervisor:06-30-1983
[user@localhost source]$ vi phlist1
"phlist1" "phlist1" 13L, 510C# ==============================================================
# Script Name:          phlist1
# By:                   JW
# Date:                 6/13/2016
# Purpose:              Use awk to format colon-separated fields
#                       in a flat file and display to the screen
# Command Line:         phlist1
# ==============================================================
clear
tput cup 2 20; echo "Corporate Phone List"
tput cup 3 20; echo "===================="
tput cup 5 0;
awk -F: '{printf "%-12s %-12s %s\t%s %s %10.10s %s\n", $2, $3, $4, $1, $5, $6,, $7}' corp_phones
~                                                                             ~                                                                             ~                                                                             ~                                                                             ~                                                                             ~                                                                             ~                                                                             ~                                                                             ~                                                                             13,1          All12,1          All11,1          All10,1          All9,1           All8,1           All7,1           All6,1           All5,1           All4,1           All3,1           All2,1           All1,1           All-- INSERT --1,1           All# =1,2           All!# =1,3           All/# =1,4           Allb# =1,5           Alli# =1,6           Alln# =1,7           All/# =1,8           Allb# =1,9           Alla# =1,10          Alls# =1,11          Allh# =1,12          All# ==============================================================-- INSERT --2,1           All3,1           All4,1           All5,1           All6,1           All7,1           All8,1           All9,1           All10,1          All11,1          All12,1          All13,1          All14,1          All13,1          All12,1          All11,1          All10,1          All9,1           All10,1          All#clear10,2          Allclear-- INSERT --11,1          All
#clear~                                                                             -- INSERT --10,2          All10,3          All10,4          All10,5          All10,6          All10,7          All-- INSERT --11,1          Alle11,2          Allc11,3          Allh11,4          Allo11,5          All11,6          All"11,7          All$11,8          AllC11,9          AllL11,10         AllE11,11         AllA11,12         AllR11,13         All:11,14         All11,13         Allecho "$CLEAR"11,14         All12,14         All13,14         All14,14         All-- INSERT --15,1          All.15,2          All15,3          All.15,4          Allm15,5          Ally15,6          Allf15,7          Allu15,8          Alln15,9          Allc15,10         Alls15,11         All-- INSERT --16,1          Alls16,2          Allo16,3          Allr16,4          Allt16,5          All_16,6          Alln16,7          Alla16,8          Allm16,9          Alld16,10         Alle16,11         All16,10         All16,9          Alle16,10         All16,11         All>16,12         All16,13         Alls16,14         Allo16,15         Allr16,16         Allt16,17         Alle16,18         Alld16,19         All_16,20         Allp16,21         Allh16,22         Allo16,23         Alln16,24         Alle16,25         Alls16,26         All17,26         All17,25         All17,24         All17,25         All17,26         All17,27         All17,28         All17,29         All17,30         All17,31         All17,32         All17,33         All17,34         All17,35         All17,36         All17,37         All17,38         All17,39         All17,40         All17,41         All17,42         All17,43         All17,44         All17,45         All17,46         All17,47         All17,48         All17,49         All17,50         All17,51         All17,52         All17,53         All17,54         All17,55         All17,56         All17,57         All17,58         All17,59         All17,60         All17,61         All17,62         All17,63         All17,64         All17,65         All17,66         All17,67         All17,68         All17,69         All17,70         All17,71         All17,72         All17,73         All17,75         All17,76         All17,77         All17,78         All17,79         All17,80         All17,81         All{,, }17,82         All17,83         All{,, $7}17,84         All17,85         All17,86         All17,87         All17,88         All17,89         All17,90         All17,91         All17,92         All17,93         All17,94         All17,95         All17,96         All18,1          Allt18,2          Allp18,3          Allu18,4          Allt18,5          All18,6          Allc18,7          Allu18,8          Allp18,9          All18,10         All218,11         All318,12         All18,13         All118,14         All;18,15         All18,16         Alle18,17         Allc18,18         Allh18,19         Allo18,20         All18,21         All"18,22         AllR18,23         AllE18,24         All18,23         Alle18,24         Allv18,25         Alli18,26         Alle18,27         Allw18,28         All"Review"18,29         All19,1          Allt19,2          Allp19,3          Allu19,4          Allt19,5          All19,6          Allc19,7          Allu19,8          Allp19,9          All19,10         All219,11         All319,12         All19,13         All819,14         All;19,15         All19,16         Alle19,17         Allc19,18         Allh19,19         Allo19,20         All19,21         All19,20         All19,19         All19,18         All19,17         All19,16         Allr19,17         Alle19,18         Alla19,19         Alld19,20         All19,21         Allp19,22         Allr19,23         Allo19,24         Allm19,25         Allp19,26         Allt19,27         All19,26         All:x:x"phlist1" "phlist1" 19L, 630C written
[user@localhost source]$ ./phlist1

Corporate Phone List
====================
Mitchell     Barbara      C219-555-4587 4541 Admin Asst 12-14-1995
Olson        Timothy      H219-555-4589 4544 Supervisor 06-30-1983
Moore        Sarah        H219-555-4591 4500 Dept Manag 08-01-1978
Polk         John         S219-555-4544 4520 Accountant 09-22-2001
Robinson     Albert       J219-555-4501 4501  Secretary 08-12-1997
Mullins      Allen        L219-555-7175 7527  Sales Rep 02-19-2007
Albertson    Jeannette    K219-555-7176 5547   DC Clerk 02-19-2007
Brooks       Sally        H219-555-4511 4540 Programmer 02-20-2007
Review

[user@localhost source]$ eixit
logout
    1  cd ~/source
    2  sort_name
    3  sort_dept
    4  sort_job
    5  vi phlist1
    6  ./phlist1
    7  exit
